Archive member included to satisfy reference by file (symbol)

/Users/clfilho/SimplicityStudio/v4_workspaceN/soc-dtm/platform/radio/rail_lib/autogen/librail_release/librail_efr32xg13_gcc_release.a(rail_pti.o)
                              ./pti.o (RAIL_ConfigPti)
/Users/clfilho/SimplicityStudio/v4_workspaceN/soc-dtm/platform/radio/rail_lib/autogen/librail_release/librail_efr32xg13_gcc_release.a(rail_rf_hal.o)
                              /Users/clfilho/SimplicityStudio/v4_workspaceN/soc-dtm/platform/radio/rail_lib/autogen/librail_release/librail_efr32xg13_gcc_release.a(rail_pti.o) (RFHAL_ConfigPti)
/Users/clfilho/SimplicityStudio/v4_workspaceN/soc-dtm/platform/radio/rail_lib/autogen/librail_release/librail_efr32xg13_gcc_release.a(rail_ieee802154_rf_hal.o)
                              /Users/clfilho/SimplicityStudio/v4_workspaceN/soc-dtm/platform/radio/rail_lib/autogen/librail_release/librail_efr32xg13_gcc_release.a(rail_rf_hal.o) (RFHAL_IEEE802154IsEnabled)
/Users/clfilho/SimplicityStudio/v4_workspaceN/soc-dtm/platform/radio/rail_lib/autogen/librail_release/librail_efr32xg13_gcc_release.a(ieee802154_efr32xg13_configurator_out.o)
                              /Users/clfilho/SimplicityStudio/v4_workspaceN/soc-dtm/platform/radio/rail_lib/autogen/librail_release/librail_efr32xg13_gcc_release.a(rail_ieee802154_rf_hal.o) (ieee802154_coherent_min)
/Users/clfilho/SimplicityStudio/v4_workspaceN/soc-dtm/platform/radio/rail_lib/autogen/librail_release/librail_efr32xg13_gcc_release.a(ieee802154_gb868_efr32xg13_configurator_out.o)
                              /Users/clfilho/SimplicityStudio/v4_workspaceN/soc-dtm/platform/radio/rail_lib/autogen/librail_release/librail_efr32xg13_gcc_release.a(rail_ieee802154_rf_hal.o) (ieee802154_gb868_config_915_min)
/Users/clfilho/SimplicityStudio/v4_workspaceN/soc-dtm/platform/radio/rail_lib/autogen/librail_release/librail_efr32xg13_gcc_release.a(rail_ble_rf_hal.o)
                              /Users/clfilho/SimplicityStudio/v4_workspaceN/soc-dtm/platform/radio/rail_lib/autogen/librail_release/librail_efr32xg13_gcc_release.a(rail_rf_hal.o) (RFHAL_IsBleLongRangeEnabled)
/Users/clfilho/SimplicityStudio/v4_workspaceN/soc-dtm/platform/radio/rail_lib/autogen/librail_release/librail_efr32xg13_gcc_release.a(ble_efr32xg13_configurator_out.o)
                              /Users/clfilho/SimplicityStudio/v4_workspaceN/soc-dtm/platform/radio/rail_lib/autogen/librail_release/librail_efr32xg13_gcc_release.a(rail_ble_rf_hal.o) (ble_viterbi2M_min)
/Users/clfilho/SimplicityStudio/v4_workspaceN/soc-dtm/platform/radio/rail_lib/autogen/librail_release/librail_efr32xg13_gcc_release.a(rail_singleprotocol.o)
                              /Users/clfilho/SimplicityStudio/v4_workspaceN/soc-dtm/platform/radio/rail_lib/autogen/librail_release/librail_efr32xg13_gcc_release.a(rail_rf_hal.o) (RAIL_ActiveHandle)
/Users/clfilho/SimplicityStudio/v4_workspaceN/soc-dtm/platform/radio/rail_lib/autogen/librail_release/librail_efr32xg13_gcc_release.a(rail_rf.o)
                              /Users/clfilho/SimplicityStudio/v4_workspaceN/soc-dtm/platform/radio/rail_lib/autogen/librail_release/librail_efr32xg13_gcc_release.a(rail_singleprotocol.o) (RAILCore_Init)
/Users/clfilho/SimplicityStudio/v4_workspaceN/soc-dtm/platform/radio/rail_lib/autogen/librail_release/librail_efr32xg13_gcc_release.a(rail_rx.o)
                              /Users/clfilho/SimplicityStudio/v4_workspaceN/soc-dtm/platform/radio/rail_lib/autogen/librail_release/librail_efr32xg13_gcc_release.a(rail_rf_hal.o) (RAILCore_StartRx)
/Users/clfilho/SimplicityStudio/v4_workspaceN/soc-dtm/platform/radio/rail_lib/autogen/librail_release/librail_efr32xg13_gcc_release.a(rail_tx.o)
                              /Users/clfilho/SimplicityStudio/v4_workspaceN/soc-dtm/platform/radio/rail_lib/autogen/librail_release/librail_efr32xg13_gcc_release.a(rail_singleprotocol.o) (RAILCore_StartTxStream)
/Users/clfilho/SimplicityStudio/v4_workspaceN/soc-dtm/platform/radio/rail_lib/autogen/librail_release/librail_efr32xg13_gcc_release.a(rail_calibration.o)
                              /Users/clfilho/SimplicityStudio/v4_workspaceN/soc-dtm/platform/radio/rail_lib/autogen/librail_release/librail_efr32xg13_gcc_release.a(rail_rf_hal.o) (RAILInt_PendCal)
/Users/clfilho/SimplicityStudio/v4_workspaceN/soc-dtm/platform/radio/rail_lib/autogen/librail_release/librail_efr32xg13_gcc_release.a(rail_data.o)
                              /Users/clfilho/SimplicityStudio/v4_workspaceN/soc-dtm/platform/radio/rail_lib/autogen/librail_release/librail_efr32xg13_gcc_release.a(rail_rf_hal.o) (RAILCb_SetupRxFifo)
/Users/clfilho/SimplicityStudio/v4_workspaceN/soc-dtm/platform/radio/rail_lib/autogen/librail_release/librail_efr32xg13_gcc_release.a(rail_assert.o)
                              /Users/clfilho/SimplicityStudio/v4_workspaceN/soc-dtm/platform/radio/rail_lib/autogen/librail_release/librail_efr32xg13_gcc_release.a(rail_rf.o) (RAILInt_Assert)
[...]
Memory Configuration

Name             Origin             Length             Attributes
FLASH_BOOTLOADER 0x000000000fe10000 0x0000000000004000 xr
FLASH            0x0000000000000000 0x000000000007f000 xr
RAM              0x0000000020000000 0x0000000000010000 xrw
*default*        0x0000000000000000 0xffffffffffffffff

Linker script and memory map

LOAD /Applications/Simplicity Studio 2.app/Contents/Eclipse/developer/toolchains/gnu_arm/7.2_2017q4/bin/../lib/gcc/arm-none-eabi/7.2.1/thumb/v7e-m/fpv4-sp/softfp/crti.o
LOAD /Applications/Simplicity Studio 2.app/Contents/Eclipse/developer/toolchains/gnu_arm/7.2_2017q4/bin/../lib/gcc/arm-none-eabi/7.2.1/thumb/v7e-m/fpv4-sp/softfp/crtbegin.o
LOAD /Applications/Simplicity Studio 2.app/Contents/Eclipse/developer/toolchains/gnu_arm/7.2_2017q4/bin/../lib/gcc/arm-none-eabi/7.2.1/../../../../arm-none-eabi/lib/thumb/v7e-m/fpv4-sp/softfp/crt0.o
START GROUP
LOAD ./application_properties.o
LOAD ./dtm.o
LOAD ./dtm_usart.o
LOAD ./gatt_db.o
LOAD ./init_app.o
LOAD ./init_board.o
LOAD ./init_mcu.o
LOAD ./main.o
LOAD ./pti.o
LOAD ./hardware/kit/common/bsp/bsp_stk.o
LOAD ./hardware/kit/common/drivers/mx25flash_spi.o
LOAD ./hardware/kit/common/drivers/udelay.o
LOAD ./platform/Device/SiliconLabs/EFR32BG13P/Source/GCC/startup_efr32bg13p.o
LOAD ./platform/Device/SiliconLabs/EFR32BG13P/Source/system_efr32bg13p.o
LOAD ./platform/emdrv/sleep/src/sleep.o
LOAD ./platform/emlib/src/em_cmu.o
LOAD ./platform/emlib/src/em_core.o
LOAD ./platform/emlib/src/em_cryotimer.o
LOAD ./platform/emlib/src/em_crypto.o
LOAD ./platform/emlib/src/em_emu.o
LOAD ./platform/emlib/src/em_gpio.o
LOAD ./platform/emlib/src/em_i2c.o
LOAD ./platform/emlib/src/em_msc.o
LOAD ./platform/emlib/src/em_rmu.o
LOAD ./platform/emlib/src/em_rtcc.o
LOAD ./platform/emlib/src/em_system.o
LOAD ./platform/emlib/src/em_timer.o
LOAD ./platform/emlib/src/em_usart.o
LOAD /Users/clfilho/SimplicityStudio/v4_workspaceN/soc-dtm/protocol/bluetooth/lib/EFR32BG13P/GCC/binapploader.o
LOAD /Users/clfilho/SimplicityStudio/v4_workspaceN/soc-dtm/protocol/bluetooth/lib/EFR32BG13P/GCC/libmbedtls.a
LOAD /Users/clfilho/SimplicityStudio/v4_workspaceN/soc-dtm/platform/radio/rail_lib/autogen/librail_release/librail_efr32xg13_gcc_release.a
LOAD /Users/clfilho/SimplicityStudio/v4_workspaceN/soc-dtm/protocol/bluetooth/lib/EFR32BG13P/GCC/libpsstore.a
LOAD /Users/clfilho/SimplicityStudio/v4_workspaceN/soc-dtm/protocol/bluetooth/lib/EFR32BG13P/GCC/libbluetooth.a
LOAD /Applications/Simplicity Studio 2.app/Contents/Eclipse/developer/toolchains/gnu_arm/7.2_2017q4/bin/../lib/gcc/arm-none-eabi/7.2.1/../../../../arm-none-eabi/lib/thumb/v7e-m/fpv4-sp/softfp/libm.a
END GROUP
START GROUP
LOAD /Applications/Simplicity Studio 2.app/Contents/Eclipse/developer/toolchains/gnu_arm/7.2_2017q4/bin/../lib/gcc/arm-none-eabi/7.2.1/thumb/v7e-m/fpv4-sp/softfp/libgcc.a
LOAD /Applications/Simplicity Studio 2.app/Contents/Eclipse/developer/toolchains/gnu_arm/7.2_2017q4/bin/../lib/gcc/arm-none-eabi/7.2.1/../../../../arm-none-eabi/lib/thumb/v7e-m/fpv4-sp/softfp/libc_nano.a
LOAD /Applications/Simplicity Studio 2.app/Contents/Eclipse/developer/toolchains/gnu_arm/7.2_2017q4/bin/../lib/gcc/arm-none-eabi/7.2.1/../../../../arm-none-eabi/lib/thumb/v7e-m/fpv4-sp/softfp/libnosys.a
END GROUP
START GROUP
LOAD /Applications/Simplicity Studio 2.app/Contents/Eclipse/developer/toolchains/gnu_arm/7.2_2017q4/bin/../lib/gcc/arm-none-eabi/7.2.1/thumb/v7e-m/fpv4-sp/softfp/libgcc.a
LOAD /Applications/Simplicity Studio 2.app/Contents/Eclipse/developer/toolchains/gnu_arm/7.2_2017q4/bin/../lib/gcc/arm-none-eabi/7.2.1/../../../../arm-none-eabi/lib/thumb/v7e-m/fpv4-sp/softfp/libg_nano.a
LOAD /Applications/Simplicity Studio 2.app/Contents/Eclipse/developer/toolchains/gnu_arm/7.2_2017q4/bin/../lib/gcc/arm-none-eabi/7.2.1/../../../../arm-none-eabi/lib/thumb/v7e-m/fpv4-sp/softfp/libc_nano.a
END GROUP
START GROUP
LOAD /Applications/Simplicity Studio 2.app/Contents/Eclipse/developer/toolchains/gnu_arm/7.2_2017q4/bin/../lib/gcc/arm-none-eabi/7.2.1/thumb/v7e-m/fpv4-sp/softfp/libgcc.a
LOAD /Applications/Simplicity Studio 2.app/Contents/Eclipse/developer/toolchains/gnu_arm/7.2_2017q4/bin/../lib/gcc/arm-none-eabi/7.2.1/../../../../arm-none-eabi/lib/thumb/v7e-m/fpv4-sp/softfp/libc_nano.a
END GROUP
LOAD /Applications/Simplicity Studio 2.app/Contents/Eclipse/developer/toolchains/gnu_arm/7.2_2017q4/bin/../lib/gcc/arm-none-eabi/7.2.1/thumb/v7e-m/fpv4-sp/softfp/crtend.o
LOAD /Applications/Simplicity Studio 2.app/Contents/Eclipse/developer/toolchains/gnu_arm/7.2_2017q4/bin/../lib/gcc/arm-none-eabi/7.2.1/thumb/v7e-m/fpv4-sp/softfp/crtn.o

.text_bootloader
                0x000000000fe10000        0x0
 *(.binbootloader*)
                0x000000000fe10000                . = ALIGN (0x4000)

.text_apploader
                0x0000000000000000     0x8fc0
 *(.binapploader*)
 .binapploader  0x0000000000000000     0x8fc0 /Users/clfilho/SimplicityStudio/v4_workspaceN/soc-dtm/protocol/bluetooth/lib/EFR32BG13P/GCC/binapploader.o

.text_signature
                0x0000000000008fc0       0x40
                0x0000000000009000                . = ALIGN (0x800)
 *fill*         0x0000000000008fc0       0x40 
                0x0000000000009000                __text_start__ = .

.text_application
                0x0000000000009000    0x218f8
 *(.vectors)
 .vectors       0x0000000000009000       0xfc ./platform/Device/SiliconLabs/EFR32BG13P/Source/GCC/startup_efr32bg13p.o
                0x0000000000009000                __Vectors
                0x00000000000090fc                __Vectors_End = .
                0x00000000000000fc                __Vectors_Size = (__Vectors_End - __Vectors)
                0x00000000000090fc                __end__ = .
 *(.application_properties)
 .application_properties
                0x00000000000090fc       0x38 ./application_properties.o
                0x00000000000090fc                applicationProperties
 *(.gecko_configuration)
 *(.xo_configuration)
 *(.gatt_header)
 .gatt_header   0x0000000000009134       0x34 ./gatt_db.o
                0x0000000000009134                bg_gattdb_data
 *(.gatt_data)
 .gatt_data     0x0000000000009168      0x4bc ./gatt_db.o
                0x0000000000009168                bg_gattdb_data_adv_uuid128_map
                0x0000000000009178                bg_gattdb_data_adv_uuid16_map
                0x000000000000917c                bg_gattdb_data_attributes_dynamic_mapping_map
                0x0000000000009190                bg_gattdb_data_attributes_map
                0x000000000000937c                bg_gattdb_data_attribute_field_0
                0x0000000000009380                bg_gattdb_data_attribute_field_1
                0x0000000000009388                bg_gattdb_data_attribute_field_2
                0x0000000000009390                bg_gattdb_data_attribute_field_4
                0x0000000000009394                bg_gattdb_data_attribute_field_5
                0x000000000000939c                bg_gattdb_data_attribute_field_6
                0x00000000000093a4                bg_gattdb_data_attribute_field_7
                0x00000000000093ac                bg_gattdb_data_attribute_field_8
                0x00000000000093b0                bg_gattdb_data_attribute_field_9
                0x00000000000093b4                bg_gattdb_data_attribute_field_10
                0x00000000000093bc                bg_gattdb_data_attribute_field_11
                0x00000000000093cc                bg_gattdb_data_attribute_field_12
                0x00000000000093d4                bg_gattdb_data_attribute_field_13
                0x00000000000093e0                bg_gattdb_data_attribute_field_14
                0x00000000000093e8                bg_gattdb_data_attribute_field_15
                0x00000000000093f0                bg_gattdb_data_attribute_field_16
                0x0000000000009404                bg_gattdb_data_attribute_field_17
                0x000000000000941c                bg_gattdb_data_attribute_field_18
                0x0000000000009424                bg_gattdb_data_attribute_field_19
                0x0000000000009438                bg_gattdb_data_attribute_field_20
                0x0000000000009450                bg_gattdb_data_attribute_field_21
                0x0000000000009458                bg_gattdb_data_attribute_field_22
                0x0000000000009460                bg_gattdb_data_attribute_field_23
                0x0000000000009478                bg_gattdb_data_attribute_field_24
                0x0000000000009480                bg_gattdb_data_attribute_field_25
                0x0000000000009490                bg_gattdb_data_attribute_field_26
                0x00000000000094a8                bg_gattdb_data_attribute_field_27
                0x00000000000094b0                bg_gattdb_data_attribute_field_28
                0x00000000000094bc                bg_gattdb_data_attribute_field_29
                0x00000000000094d4                bg_gattdb_data_attribute_field_30
                0x00000000000094dc                bg_gattdb_data_attribute_field_31
                0x00000000000094f0                bg_gattdb_data_attribute_field_32
                0x0000000000009508                bg_gattdb_data_attribute_field_33
                0x0000000000009510                bg_gattdb_data_attribute_field_34
                0x0000000000009520                bg_gattdb_data_attribute_field_35
                0x0000000000009538                bg_gattdb_data_attribute_field_36
                0x0000000000009540                bg_gattdb_data_attribute_field_37
                0x0000000000009548                bg_gattdb_data_attribute_field_38
                0x0000000000009560                bg_gattdb_data_attribute_field_39
                0x0000000000009568                bg_gattdb_data_attribute_field_40
                0x0000000000009578                bg_gattdb_data_uuidtable_128_map
                0x0000000000009608                bg_gattdb_data_uuidtable_16_map
 *(.text*)
 .text          0x0000000000009624       0x40 /Applications/Simplicity Studio 2.app/Contents/Eclipse/developer/toolchains/gnu_arm/7.2_2017q4/bin/../lib/gcc/arm-none-eabi/7.2.1/thumb/v7e-m/fpv4-sp/softfp/crtbegin.o
 .text          0x0000000000009664       0x74 /Applications/Simplicity Studio 2.app/Contents/Eclipse/developer/toolchains/gnu_arm/7.2_2017q4/bin/../lib/gcc/arm-none-eabi/7.2.1/../../../../arm-none-eabi/lib/thumb/v7e-m/fpv4-sp/softfp/crt0.o
                0x0000000000009664                _mainCRTStartup
                0x0000000000009664                _start
 .text.initApp  0x00000000000096d8       0x24 ./init_app.o
                0x00000000000096d8                initApp
 .text.initBoard
                0x00000000000096fc       0x48 ./init_board.o
                0x00000000000096fc                initBoard
 .text.initMcu  0x0000000000009744      0x104 ./init_mcu.o
                0x0000000000009744                initMcu
 .text.startup.main
                0x0000000000009848      0x660 ./main.o
                0x0000000000009848                main
 .text.configEnablePti
                0x0000000000009ea8       0x30 ./pti.o
                0x0000000000009ea8                configEnablePti
 .text.MX25_init
                0x0000000000009ed8       0xa4 ./hardware/kit/common/drivers/mx25flash_spi.o
                0x0000000000009ed8                MX25_init
 .text.MX25_DP  0x0000000000009f7c       0x60 ./hardware/kit/common/drivers/mx25flash_spi.o
                0x0000000000009f7c                MX25_DP
 .text.Default_Handler
                0x0000000000009fdc        0x4 ./platform/Device/SiliconLabs/EFR32BG13P/Source/GCC/startup_efr32bg13p.o
                0x0000000000009fdc                IDAC0_IRQHandler
                0x0000000000009fdc                USART0_TX_IRQHandler
                0x0000000000009fdc                I2C0_IRQHandler
                0x0000000000009fdc                HardFault_Handler
                0x0000000000009fdc                SysTick_Handler
                0x0000000000009fdc                USART1_RX_IRQHandler
                0x0000000000009fdc                PendSV_Handler
                0x0000000000009fdc                NMI_Handler
                0x0000000000009fdc                I2C1_IRQHandler
                0x0000000000009fdc                WTIMER0_IRQHandler
                0x0000000000009fdc                CRYPTO0_IRQHandler
                0x0000000000009fdc                WDOG0_IRQHandler
                0x0000000000009fdc                USART1_TX_IRQHandler
                0x0000000000009fdc                SMU_IRQHandler
                0x0000000000009fdc                MSC_IRQHandler
                0x0000000000009fdc                ADC0_IRQHandler
                0x0000000000009fdc                UsageFault_Handler
                0x0000000000009fdc                WDOG1_IRQHandler
                0x0000000000009fdc                LEUART0_IRQHandler
                0x0000000000009fdc                FPUEH_IRQHandler
                0x0000000000009fdc                GPIO_EVEN_IRQHandler
                0x0000000000009fdc                VDAC0_IRQHandler
                0x0000000000009fdc                LDMA_IRQHandler
                0x0000000000009fdc                CSEN_IRQHandler
                0x0000000000009fdc                CRYPTO1_IRQHandler
                0x0000000000009fdc                TIMER0_IRQHandler
                0x0000000000009fdc                LETIMER0_IRQHandler
                0x0000000000009fdc                TIMER1_IRQHandler
                0x0000000000009fdc                TRNG0_IRQHandler
                0x0000000000009fdc                USART2_RX_IRQHandler
                0x0000000000009fdc                Default_Handler
                0x0000000000009fdc                EMU_IRQHandler
                0x0000000000009fdc                CRYOTIMER_IRQHandler
                0x0000000000009fdc                PCNT0_IRQHandler
                0x0000000000009fdc                ACMP0_IRQHandler
                0x0000000000009fdc                USART0_RX_IRQHandler
                0x0000000000009fdc                MemManage_Handler
                0x0000000000009fdc                SVC_Handler
                0x0000000000009fdc                RTCC_IRQHandler
                0x0000000000009fdc                CMU_IRQHandler
                0x0000000000009fdc                GPIO_ODD_IRQHandler
                0x0000000000009fdc                LESENSE_IRQHandler
                0x0000000000009fdc                BusFault_Handler
                0x0000000000009fdc                USART2_TX_IRQHandler
                0x0000000000009fdc                DebugMon_Handler
 .text.Reset_Handler
                0x0000000000009fe0       0x2c ./platform/Device/SiliconLabs/EFR32BG13P/Source/GCC/startup_efr32bg13p.o
                0x0000000000009fe0                Reset_Handler
 .text.SystemMaxCoreClockGet
                0x000000000000a00c        0x8 ./platform/Device/SiliconLabs/EFR32BG13P/Source/system_efr32bg13p.o
                0x000000000000a00c                SystemMaxCoreClockGet
 .text.SystemHFClockGet
                0x000000000000a014       0x50 ./platform/Device/SiliconLabs/EFR32BG13P/Source/system_efr32bg13p.o
                0x000000000000a014                SystemHFClockGet
 .text.SystemCoreClockGet
                0x000000000000a064       0x24 ./platform/Device/SiliconLabs/EFR32BG13P/Source/system_efr32bg13p.o
                0x000000000000a064                SystemCoreClockGet
 .text.SystemHFXOClockGet
                0x000000000000a088        0xc ./platform/Device/SiliconLabs/EFR32BG13P/Source/system_efr32bg13p.o
                0x000000000000a088                SystemHFXOClockGet
 .text.SystemHFXOClockSet
                0x000000000000a094       0x3c ./platform/Device/SiliconLabs/EFR32BG13P/Source/system_efr32bg13p.o
                0x000000000000a094                SystemHFXOClockSet
 .text.SystemInit
                0x000000000000a0d0       0x14 ./platform/Device/SiliconLabs/EFR32BG13P/Source/system_efr32bg13p.o
                0x000000000000a0d0                SystemInit
 .text.SystemLFRCOClockGet
                0x000000000000a0e4        0x8 ./platform/Device/SiliconLabs/EFR32BG13P/Source/system_efr32bg13p.o
                0x000000000000a0e4                SystemLFRCOClockGet
 .text.SystemULFRCOClockGet
                0x000000000000a0ec        0x8 ./platform/Device/SiliconLabs/EFR32BG13P/Source/system_efr32bg13p.o
                0x000000000000a0ec                SystemULFRCOClockGet
 .text.SystemLFXOClockGet
                0x000000000000a0f4        0xc ./platform/Device/SiliconLabs/EFR32BG13P/Source/system_efr32bg13p.o
                0x000000000000a0f4                SystemLFXOClockGet
 .text.SystemLFXOClockSet
                0x000000000000a100       0x3c ./platform/Device/SiliconLabs/EFR32BG13P/Source/system_efr32bg13p.o
                0x000000000000a100                SystemLFXOClockSet
 .text.sleepCallbackWrapper
                0x000000000000a13c       0x14 ./platform/emdrv/sleep/src/sleep.o
 .text.enterEMx
                0x000000000000a150       0x54 ./platform/emdrv/sleep/src/sleep.o
 .text.SLEEP_Init
                0x000000000000a1a4       0x40 ./platform/emdrv/sleep/src/sleep.o
                0x000000000000a1a4                SLEEP_Init
 .text.SLEEP_Sleep
                0x000000000000a1e4       0x70 ./platform/emdrv/sleep/src/sleep.o
                0x000000000000a1e4                SLEEP_Sleep
 .text.SLEEP_SleepBlockBegin
                0x000000000000a254       0x28 ./platform/emdrv/sleep/src/sleep.o
                0x000000000000a254                SLEEP_SleepBlockBegin
 .text.SLEEP_SleepBlockEnd
                0x000000000000a27c       0x2c ./platform/emdrv/sleep/src/sleep.o
                0x000000000000a27c                SLEEP_SleepBlockEnd
 .text.SLEEP_LowestEnergyModeGet
                0x000000000000a2a8       0x1c ./platform/emdrv/sleep/src/sleep.o
                0x000000000000a2a8                SLEEP_LowestEnergyModeGet
 .text.flashWaitStateControl
                0x000000000000a2c4       0x5c ./platform/emlib/src/em_cmu.o
 .text.flashWaitStateMax
                0x000000000000a320       0x24 ./platform/emlib/src/em_cmu.o
 .text.CMU_OscillatorTuningSet.part.2
                0x000000000000a344       0x3c ./platform/emlib/src/em_cmu.o
 .text.CMU_UpdateWaitStates
                0x000000000000a380       0x1c ./platform/emlib/src/em_cmu.o
                0x000000000000a380                CMU_UpdateWaitStates
 .text.CMU_ClockEnable
                0x000000000000a39c       0x94 ./platform/emlib/src/em_cmu.o
                0x000000000000a39c                CMU_ClockEnable
 .text.CMU_ClockSelectGet
                0x000000000000a430       0xc4 ./platform/emlib/src/em_cmu.o
                0x000000000000a430                CMU_ClockSelectGet
 .text.lfClkGet
                0x000000000000a4f4       0x94 ./platform/emlib/src/em_cmu.o
 .text.CMU_ClockFreqGet
                0x000000000000a588      0x1a8 ./platform/emlib/src/em_cmu.o
                0x000000000000a588                CMU_ClockFreqGet
 .text.CMU_HFXOAutostartEnable
                0x000000000000a730       0xc4 ./platform/emlib/src/em_cmu.o
                0x000000000000a730                CMU_HFXOAutostartEnable
 .text.CMU_HFXOInit
                0x000000000000a7f4       0x84 ./platform/emlib/src/em_cmu.o
                0x000000000000a7f4                CMU_HFXOInit
 .text.CMU_LFXOInit
                0x000000000000a878       0x50 ./platform/emlib/src/em_cmu.o
                0x000000000000a878                CMU_LFXOInit
 .text.CMU_OscillatorTuningWait
                0x000000000000a8c8       0x48 ./platform/emlib/src/em_cmu.o
                0x000000000000a8c8                CMU_OscillatorTuningWait
 .text.CMU_OscillatorEnable
                0x000000000000a910      0x110 ./platform/emlib/src/em_cmu.o
                0x000000000000a910                CMU_OscillatorEnable
 .text.CMU_ClockSelectSet
                0x000000000000aa20      0x278 ./platform/emlib/src/em_cmu.o
                0x000000000000aa20                CMU_ClockSelectSet
 .text.CORE_EnterCritical
                0x000000000000ac98        0x8 ./platform/emlib/src/em_core.o
                0x000000000000ac98                CORE_EnterCritical
 .text.CORE_ExitCritical
                0x000000000000aca0        0x8 ./platform/emlib/src/em_core.o
                0x000000000000aca0                CORE_ExitCritical
 .text.CORE_EnterAtomic
                0x000000000000aca8        0x8 ./platform/emlib/src/em_core.o
                0x000000000000aca8                CORE_EnterAtomic
 .text.CORE_ExitAtomic
                0x000000000000acb0        0x4 ./platform/emlib/src/em_core.o
                0x000000000000acb0                CORE_ExitAtomic
 .text.CORE_SetNvicRamTableHandler
                0x000000000000acb4       0x10 ./platform/emlib/src/em_core.o
                0x000000000000acb4                CORE_SetNvicRamTableHandler
 .text.CORE_InitNvicVectorTable
                0x000000000000acc4       0x44 ./platform/emlib/src/em_core.o
                0x000000000000acc4                CORE_InitNvicVectorTable
 .text.CRYPTO_ModulusSet
                0x000000000000ad08       0x38 ./platform/emlib/src/em_crypto.o
                0x000000000000ad08                CRYPTO_ModulusSet
 .text.CRYPTO_KeyRead
                0x000000000000ad40       0x2c ./platform/emlib/src/em_crypto.o
                0x000000000000ad40                CRYPTO_KeyRead
 .text.lpGetDevinfoVrefLowHigh
                0x000000000000ad6c       0xdc ./platform/emlib/src/em_emu.o
 .text.vScaleDownEM23Setup
                0x000000000000ae48       0x30 ./platform/emlib/src/em_emu.o
 .text.vScaleAfterWakeup.part.1
                0x000000000000ae78       0x20 ./platform/emlib/src/em_emu.o
 .text.lpCmpHystCalibrationLoad.isra.2
                0x000000000000ae98       0x60 ./platform/emlib/src/em_emu.o
 .text.emState.part.3
                0x000000000000aef8       0xc0 ./platform/emlib/src/em_emu.o
 .text.emState.constprop.5
                0x000000000000afb8       0x50 ./platform/emlib/src/em_emu.o
 .text.EMU_EnterEM2
                0x000000000000b008       0x4c ./platform/emlib/src/em_emu.o
                0x000000000000b008                EMU_EnterEM2
 .text.EMU_EnterEM3
                0x000000000000b054       0x70 ./platform/emlib/src/em_emu.o
                0x000000000000b054                EMU_EnterEM3
 .text.EMU_Save
                0x000000000000b0c4        0x4 ./platform/emlib/src/em_emu.o
                0x000000000000b0c4                EMU_Save
 .text.EMU_Restore
                0x000000000000b0c8        0x4 ./platform/emlib/src/em_emu.o
                0x000000000000b0c8                EMU_Restore
 .text.EMU_EnterEM4
                0x000000000000b0cc       0x30 ./platform/emlib/src/em_emu.o
                0x000000000000b0cc                EMU_EnterEM4
 .text.EMU_VScaleEM01
                0x000000000000b0fc       0x78 ./platform/emlib/src/em_emu.o
                0x000000000000b0fc                EMU_VScaleEM01
 .text.EMU_VScaleEM01ByClock
                0x000000000000b174       0x50 ./platform/emlib/src/em_emu.o
                0x000000000000b174                EMU_VScaleEM01ByClock
 .text.EMU_EM01Init
                0x000000000000b1c4       0x14 ./platform/emlib/src/em_emu.o
                0x000000000000b1c4                EMU_EM01Init
 .text.EMU_EM23Init
                0x000000000000b1d8       0x18 ./platform/emlib/src/em_emu.o
                0x000000000000b1d8                EMU_EM23Init
 .text.EMU_DCDCModeSet
                0x000000000000b1f0       0x84 ./platform/emlib/src/em_emu.o
                0x000000000000b1f0                EMU_DCDCModeSet
 .text.EMU_DCDCOutputVoltageSet
                0x000000000000b274      0x16c ./platform/emlib/src/em_emu.o
                0x000000000000b274                EMU_DCDCOutputVoltageSet
 .text.EMU_DCDCOptimizeSlice
                0x000000000000b3e0       0xf8 ./platform/emlib/src/em_emu.o
                0x000000000000b3e0                EMU_DCDCOptimizeSlice
 .text.EMU_DCDCInit
                0x000000000000b4d8      0x10c ./platform/emlib/src/em_emu.o
                0x000000000000b4d8                EMU_DCDCInit
 .text.EMU_DCDCLnRcoBandSet
                0x000000000000b5e4       0x24 ./platform/emlib/src/em_emu.o
                0x000000000000b5e4                EMU_DCDCLnRcoBandSet
 .text.GPIO_PinModeSet
                0x000000000000b608       0x94 ./platform/emlib/src/em_gpio.o
                0x000000000000b608                GPIO_PinModeSet
 .text.MSC_Init
                0x000000000000b69c       0x20 ./platform/emlib/src/em_msc.o
                0x000000000000b69c                MSC_Init
 .text.MSC_Deinit
                0x000000000000b6bc       0x14 ./platform/emlib/src/em_msc.o
                0x000000000000b6bc                MSC_Deinit
 .text.RMU_ResetCauseClear
                0x000000000000b6d0        0xc ./platform/emlib/src/em_rmu.o
                0x000000000000b6d0                RMU_ResetCauseClear
 .text.RMU_ResetCauseGet
                0x000000000000b6dc       0x60 ./platform/emlib/src/em_rmu.o
                0x000000000000b6dc                RMU_ResetCauseGet
 .text.RTCC_Init
                0x000000000000b73c       0x64 ./platform/emlib/src/em_rtcc.o
                0x000000000000b73c                RTCC_Init
 .text.SYSTEM_ChipRevisionGet
                0x000000000000b7a0       0x34 ./platform/emlib/src/em_system.o
                0x000000000000b7a0                SYSTEM_ChipRevisionGet
 .text.USART_InitSync
                0x000000000000b7d4       0xdc ./platform/emlib/src/em_usart.o
                0x000000000000b7d4                USART_InitSync
 .text.USART_Reset
                0x000000000000b8b0       0x58 ./platform/emlib/src/em_usart.o
                0x000000000000b8b0                USART_Reset
 .text.USART_SpiTransfer
                0x000000000000b908       0x14 ./platform/emlib/src/em_usart.o
                0x000000000000b908                USART_SpiTransfer
 .text.RAIL_ConfigPti
                0x000000000000b91c        0x6 /Users/clfilho/SimplicityStudio/v4_workspaceN/soc-dtm/platform/radio/rail_lib/autogen/librail_release/librail_efr32xg13_gcc_release.a(rail_pti.o)
                0x000000000000b91c                RAIL_ConfigPti
 .text.RAIL_EnablePti
                0x000000000000b922        0x6 /Users/clfilho/SimplicityStudio/v4_workspaceN/soc-dtm/platform/radio/rail_lib/autogen/librail_release/librail_efr32xg13_gcc_release.a(rail_pti.o)
                0x000000000000b922                RAIL_EnablePti
 .text.eventDefault
                0x000000000000b928        0x2 /Users/clfilho/SimplicityStudio/v4_workspaceN/soc-dtm/platform/radio/rail_lib/autogen/librail_release/librail_efr32xg13_gcc_release.a(rail_rf_hal.o)
 *fill*         0x000000000000b92a        0x2 
 .text.RFHAL_NotifyUserOfIrCal
                0x000000000000b92c       0x78 /Users/clfilho/SimplicityStudio/v4_workspaceN/soc-dtm/platform/radio/rail_lib/autogen/librail_release/librail_efr32xg13_gcc_release.a(rail_rf_hal.o)
 *fill*         0x000000000000b9a4        0x4 
 .text.GENERIC_PHY_EventCallback
                0x000000000000b9a8      0x194 /Users/clfilho/SimplicityStudio/v4_workspaceN/soc-dtm/platform/radio/rail_lib/autogen/librail_release/librail_efr32xg13_gcc_release.a(rail_rf_hal.o)
                0x000000000000b9a8                GENERIC_PHY_EventCallback
 .text.RFHAL_IntEnable
                0x000000000000bb3c       0x58 /Users/clfilho/SimplicityStudio/v4_workspaceN/soc-dtm/platform/radio/rail_lib/autogen/librail_release/librail_efr32xg13_gcc_release.a(rail_rf_hal.o)
                0x000000000000bb3c                RFHAL_IntEnable
 .text.RFHAL_SetEventCallback
                0x000000000000bb94       0x18 /Users/clfilho/SimplicityStudio/v4_workspaceN/soc-dtm/platform/radio/rail_lib/autogen/librail_release/librail_efr32xg13_gcc_release.a(rail_rf_hal.o)
                0x000000000000bb94                RFHAL_SetEventCallback
 .text.RFHAL_SetPtiProtocol
                0x000000000000bbac       0x20 /Users/clfilho/SimplicityStudio/v4_workspaceN/soc-dtm/platform/radio/rail_lib/autogen/librail_release/librail_efr32xg13_gcc_release.a(rail_rf_hal.o)
                0x000000000000bbac                RFHAL_SetPtiProtocol
 .text.RFHAL_Idle
                0x000000000000bbcc       0x2a /Users/clfilho/SimplicityStudio/v4_workspaceN/soc-dtm/platform/radio/rail_lib/autogen/librail_release/librail_efr32xg13_gcc_release.a(rail_rf_hal.o)
                0x000000000000bbcc                RFHAL_Idle
 *fill*         0x000000000000bbf6        0x2 
 .text.RFHAL_GetRadioState
                0x000000000000bbf8       0x48 /Users/clfilho/SimplicityStudio/v4_workspaceN/soc-dtm/platform/radio/rail_lib/autogen/librail_release/librail_efr32xg13_gcc_release.a(rail_rf_hal.o)
                0x000000000000bbf8                RFHAL_GetRadioState
 .text.RFHAL_OkToTransmit
                0x000000000000bc40       0x18 /Users/clfilho/SimplicityStudio/v4_workspaceN/soc-dtm/platform/radio/rail_lib/autogen/librail_release/librail_efr32xg13_gcc_release.a(rail_rf_hal.o)
                0x000000000000bc40                RFHAL_OkToTransmit
 .text.RFHAL_ScheduleRx
                0x000000000000bc58       0x5a /Users/clfilho/SimplicityStudio/v4_workspaceN/soc-dtm/platform/radio/rail_lib/autogen/librail_release/librail_efr32xg13_gcc_release.a(rail_rf_hal.o)
                0x000000000000bc58                RFHAL_ScheduleRx
 *fill*         0x000000000000bcb2        0x2 
 .text.RFHAL_EnableRxRawCapture
                0x000000000000bcb4       0x58 /Users/clfilho/SimplicityStudio/v4_workspaceN/soc-dtm/platform/radio/rail_lib/autogen/librail_release/librail_efr32xg13_gcc_release.a(rail_rf_hal.o)
                0x000000000000bcb4                RFHAL_EnableRxRawCapture
 .text.RFHAL_DisableRxRawCapture
                0x000000000000bd0c       0x50 /Users/clfilho/SimplicityStudio/v4_workspaceN/soc-dtm/platform/radio/rail_lib/autogen/librail_release/librail_efr32xg13_gcc_release.a(rail_rf_hal.o)
                0x000000000000bd0c                RFHAL_DisableRxRawCapture
 .text.RFHAL_AcceptCrcErrors
                0x000000000000bd5c       0x18 /Users/clfilho/SimplicityStudio/v4_workspaceN/soc-dtm/platform/radio/rail_lib/autogen/librail_release/librail_efr32xg13_gcc_release.a(rail_rf_hal.o)
                0x000000000000bd5c                RFHAL_AcceptCrcErrors
 .text.RFHAL_ConfigRxOptions
                0x000000000000bd74      0x124 /Users/clfilho/SimplicityStudio/v4_workspaceN/soc-dtm/platform/radio/rail_lib/autogen/librail_release/librail_efr32xg13_gcc_release.a(rail_rf_hal.o)
                0x000000000000bd74                RFHAL_ConfigRxOptions
 .text.RFHAL_GetTimer
                0x000000000000be98        0xc /Users/clfilho/SimplicityStudio/v4_workspaceN/soc-dtm/platform/radio/rail_lib/autogen/librail_release/librail_efr32xg13_gcc_release.a(rail_rf_hal.o)
                0x000000000000be98                RFHAL_GetTimer
 .text.RFHAL_CancelTimer
                0x000000000000bea4       0x28 /Users/clfilho/SimplicityStudio/v4_workspaceN/soc-dtm/platform/radio/rail_lib/autogen/librail_release/librail_efr32xg13_gcc_release.a(rail_rf_hal.o)
                0x000000000000bea4                RFHAL_CancelTimer
 .text.RFHAL_SetTimer
                0x000000000000becc       0x7c /Users/clfilho/SimplicityStudio/v4_workspaceN/soc-dtm/platform/radio/rail_lib/autogen/librail_release/librail_efr32xg13_gcc_release.a(rail_rf_hal.o)
                0x000000000000becc                RFHAL_SetTimer
 .text.RFHAL_IsTimerExpired
                0x000000000000bf48       0x1c /Users/clfilho/SimplicityStudio/v4_workspaceN/soc-dtm/platform/radio/rail_lib/autogen/librail_release/librail_efr32xg13_gcc_release.a(rail_rf_hal.o)
                0x000000000000bf48                RFHAL_IsTimerExpired
 .text.RFHAL_IsTimerRunning
                0x000000000000bf64        0x6 /Users/clfilho/SimplicityStudio/v4_workspaceN/soc-dtm/platform/radio/rail_lib/autogen/librail_release/librail_efr32xg13_gcc_release.a(rail_rf_hal.o)
                0x000000000000bf64                RFHAL_IsTimerRunning
 *fill*         0x000000000000bf6a        0x2 
 .text.RFHAL_CalcBitRate
                0x000000000000bf6c        0xc /Users/clfilho/SimplicityStudio/v4_workspaceN/soc-dtm/platform/radio/rail_lib/autogen/librail_release/librail_efr32xg13_gcc_release.a(rail_rf_hal.o)
                0x000000000000bf6c                RFHAL_CalcBitRate
 .text.RFHAL_GetBitRate
                0x000000000000bf78       0x22 /Users/clfilho/SimplicityStudio/v4_workspaceN/soc-dtm/platform/radio/rail_lib/autogen/librail_release/librail_efr32xg13_gcc_release.a(rail_rf_hal.o)
                0x000000000000bf78                RFHAL_GetBitRate
 *fill*         0x000000000000bf9a        0x2 
 .text.RFHAL_SetTxTransitions
                0x000000000000bf9c       0x1c /Users/clfilho/SimplicityStudio/v4_workspaceN/soc-dtm/platform/radio/rail_lib/autogen/librail_release/librail_efr32xg13_gcc_release.a(rail_rf_hal.o)
                0x000000000000bf9c                RFHAL_SetTxTransitions
 .text.RFHAL_SetRxTransitions
                0x000000000000bfb8       0x1c /Users/clfilho/SimplicityStudio/v4_workspaceN/soc-dtm/platform/radio/rail_lib/autogen/librail_release/librail_efr32xg13_gcc_release.a(rail_rf_hal.o)
                0x000000000000bfb8                RFHAL_SetRxTransitions
 .text.RFHAL_SetCRCInitVal
                0x000000000000bfd4        0x4 /Users/clfilho/SimplicityStudio/v4_workspaceN/soc-dtm/platform/radio/rail_lib/autogen/librail_release/librail_efr32xg13_gcc_release.a(rail_rf_hal.o)
                0x000000000000bfd4                RFHAL_SetCRCInitVal
 .text.RFHAL_ConfigTxPower
                0x000000000000bfd8        0xc /Users/clfilho/SimplicityStudio/v4_workspaceN/soc-dtm/platform/radio/rail_lib/autogen/librail_release/librail_efr32xg13_gcc_release.a(rail_rf_hal.o)
                0x000000000000bfd8                RFHAL_ConfigTxPower
 .text.RFHAL_SetTxPowerUnchecked
                0x000000000000bfe4       0x18 /Users/clfilho/SimplicityStudio/v4_workspaceN/soc-dtm/platform/radio/rail_lib/autogen/librail_release/librail_efr32xg13_gcc_release.a(rail_rf_hal.o)
                0x000000000000bfe4                RFHAL_SetTxPowerUnchecked
 .text.RFHAL_SetTxPower
                0x000000000000bffc       0x40 /Users/clfilho/SimplicityStudio/v4_workspaceN/soc-dtm/platform/radio/rail_lib/autogen/librail_release/librail_efr32xg13_gcc_release.a(rail_rf_hal.o)
                0x000000000000bffc                RFHAL_SetTxPower
 .text.RFHAL_GetTxPowerConfig
                0x000000000000c03c        0xc /Users/clfilho/SimplicityStudio/v4_workspaceN/soc-dtm/platform/radio/rail_lib/autogen/librail_release/librail_efr32xg13_gcc_release.a(rail_rf_hal.o)
                0x000000000000c03c                RFHAL_GetTxPowerConfig
 .text.RFHAL_GetTxPower
                0x000000000000c048        0x4 /Users/clfilho/SimplicityStudio/v4_workspaceN/soc-dtm/platform/radio/rail_lib/autogen/librail_release/librail_efr32xg13_gcc_release.a(rail_rf_hal.o)
                0x000000000000c048                RFHAL_GetTxPower
 .text.RFHAL_StopTestMode
                0x000000000000c04c        0xe /Users/clfilho/SimplicityStudio/v4_workspaceN/soc-dtm/platform/radio/rail_lib/autogen/librail_release/librail_efr32xg13_gcc_release.a(rail_rf_hal.o)
                0x000000000000c04c                RFHAL_StopTestMode
 .text.RFHAL_StartCWTestMode
                0x000000000000c05a        0xe /Users/clfilho/SimplicityStudio/v4_workspaceN/soc-dtm/platform/radio/rail_lib/autogen/librail_release/librail_efr32xg13_gcc_release.a(rail_rf_hal.o)
                0x000000000000c05a                RFHAL_StartCWTestMode
 .text.RFHAL_StartStreamTestMode
                0x000000000000c068        0xe /Users/clfilho/SimplicityStudio/v4_workspaceN/soc-dtm/platform/radio/rail_lib/autogen/librail_release/librail_efr32xg13_gcc_release.a(rail_rf_hal.o)
                0x000000000000c068                RFHAL_StartStreamTestMode
 *fill*         0x000000000000c076        0x2 
 .text.RFHAL_SetChannel
                0x000000000000c078       0xc4 /Users/clfilho/SimplicityStudio/v4_workspaceN/soc-dtm/platform/radio/rail_lib/autogen/librail_release/librail_efr32xg13_gcc_release.a(rail_rf_hal.o)
                0x000000000000c078                RFHAL_SetChannel
 .text.RFHAL_IsAutoAckEnabled
                0x000000000000c13c        0x6 /Users/clfilho/SimplicityStudio/v4_workspaceN/soc-dtm/platform/radio/rail_lib/autogen/librail_release/librail_efr32xg13_gcc_release.a(rail_rf_hal.o)
                0x000000000000c13c                RFHAL_IsAutoAckEnabled
 *fill*         0x000000000000c142        0x2 
 .text.RFHAL_AutoAckWaitForAck
                0x000000000000c144       0x18 /Users/clfilho/SimplicityStudio/v4_workspaceN/soc-dtm/platform/radio/rail_lib/autogen/librail_release/librail_efr32xg13_gcc_release.a(rail_rf_hal.o)
                0x000000000000c144                RFHAL_AutoAckWaitForAck
 .text.preTxOps
                0x000000000000c15c       0xf4 /Users/clfilho/SimplicityStudio/v4_workspaceN/soc-dtm/platform/radio/rail_lib/autogen/librail_release/librail_efr32xg13_gcc_release.a(rail_rf_hal.o)
 .text.RFHAL_StartTx
                0x000000000000c250       0x12 /Users/clfilho/SimplicityStudio/v4_workspaceN/soc-dtm/platform/radio/rail_lib/autogen/librail_release/librail_efr32xg13_gcc_release.a(rail_rf_hal.o)
                0x000000000000c250                RFHAL_StartTx
 .text.RFHAL_StartScheduledTx
                0x000000000000c262       0x3c /Users/clfilho/SimplicityStudio/v4_workspaceN/soc-dtm/platform/radio/rail_lib/autogen/librail_release/librail_efr32xg13_gcc_release.a(rail_rf_hal.o)
                0x000000000000c262                RFHAL_StartScheduledTx
 *fill*         0x000000000000c29e        0x2 
 .text.RFHAL_GetRxPacketInfo
                0x000000000000c2a0       0x48 /Users/clfilho/SimplicityStudio/v4_workspaceN/soc-dtm/platform/radio/rail_lib/autogen/librail_release/librail_efr32xg13_gcc_release.a(rail_rf_hal.o)
                0x000000000000c2a0                RFHAL_GetRxPacketInfo
 .text.RFHAL_GetRxPacketDetailsAlt
                0x000000000000c2e8       0x98 /Users/clfilho/SimplicityStudio/v4_workspaceN/soc-dtm/platform/radio/rail_lib/autogen/librail_release/librail_efr32xg13_gcc_release.a(rail_rf_hal.o)
                0x000000000000c2e8                RFHAL_GetRxPacketDetailsAlt
 .text.RFHAL_GetRxPacketDetails
                0x000000000000c380       0x22 /Users/clfilho/SimplicityStudio/v4_workspaceN/soc-dtm/platform/radio/rail_lib/autogen/librail_release/librail_efr32xg13_gcc_release.a(rail_rf_hal.o)
                0x000000000000c380                RFHAL_GetRxPacketDetails
 .text.RFHAL_SetTxBuffer
                0x000000000000c3a2       0x34 /Users/clfilho/SimplicityStudio/v4_workspaceN/soc-dtm/platform/radio/rail_lib/autogen/librail_release/librail_efr32xg13_gcc_release.a(rail_rf_hal.o)
                0x000000000000c3a2                RFHAL_SetTxBuffer
 .text.RFHAL_SetRxBuffer
                0x000000000000c3d6       0x2c /Users/clfilho/SimplicityStudio/v4_workspaceN/soc-dtm/platform/radio/rail_lib/autogen/librail_release/librail_efr32xg13_gcc_release.a(rail_rf_hal.o)
                0x000000000000c3d6                RFHAL_SetRxBuffer
 *fill*         0x000000000000c402        0x2 
 .text.RFHAL_ResetTxFifo
                0x000000000000c404       0x2c /Users/clfilho/SimplicityStudio/v4_workspaceN/soc-dtm/platform/radio/rail_lib/autogen/librail_release/librail_efr32xg13_gcc_release.a(rail_rf_hal.o)
                0x000000000000c404                RFHAL_ResetTxFifo
 .text.RFHAL_WriteTxFifo
                0x000000000000c430       0x4c /Users/clfilho/SimplicityStudio/v4_workspaceN/soc-dtm/platform/radio/rail_lib/autogen/librail_release/librail_efr32xg13_gcc_release.a(rail_rf_hal.o)
                0x000000000000c430                RFHAL_WriteTxFifo
 .text.RFHAL_ResetRxFifo
                0x000000000000c47c       0x40 /Users/clfilho/SimplicityStudio/v4_workspaceN/soc-dtm/platform/radio/rail_lib/autogen/librail_release/librail_efr32xg13_gcc_release.a(rail_rf_hal.o)
                0x000000000000c47c                RFHAL_ResetRxFifo
 .text.RFHAL_ConfigData
                0x000000000000c4bc       0x7c /Users/clfilho/SimplicityStudio/v4_workspaceN/soc-dtm/platform/radio/rail_lib/autogen/librail_release/librail_efr32xg13_gcc_release.a(rail_rf_hal.o)
                0x000000000000c4bc                RFHAL_ConfigData
 .text.RFHAL_SetAbortScheduledTxDuringRx
                0x000000000000c538       0x18 /Users/clfilho/SimplicityStudio/v4_workspaceN/soc-dtm/platform/radio/rail_lib/autogen/librail_release/librail_efr32xg13_gcc_release.a(rail_rf_hal.o)
                0x000000000000c538                RFHAL_SetAbortScheduledTxDuringRx
 .text.RFHAL_ConfigRadio
                0x000000000000c550       0xb8 /Users/clfilho/SimplicityStudio/v4_workspaceN/soc-dtm/platform/radio/rail_lib/autogen/librail_release/librail_efr32xg13_gcc_release.a(rail_rf_hal.o)
                0x000000000000c550                RFHAL_ConfigRadio
 .text.RFHAL_ConfigFrameTypeLength
                0x000000000000c608       0x70 /Users/clfilho/SimplicityStudio/v4_workspaceN/soc-dtm/platform/radio/rail_lib/autogen/librail_release/librail_efr32xg13_gcc_release.a(rail_rf_hal.o)
                0x000000000000c608                RFHAL_ConfigFrameTypeLength
 .text.RFHAL_GetTime
                0x000000000000c678        0x4 /Users/clfilho/SimplicityStudio/v4_workspaceN/soc-dtm/platform/radio/rail_lib/autogen/librail_release/librail_efr32xg13_gcc_release.a(rail_rf_hal.o)
                0x000000000000c678                RFHAL_GetTime
 .text.RFHAL_ResetAddressFilter
                0x000000000000c67c       0x10 /Users/clfilho/SimplicityStudio/v4_workspaceN/soc-dtm/platform/radio/rail_lib/autogen/librail_release/librail_efr32xg13_gcc_release.a(rail_rf_hal.o)
                0x000000000000c67c                RFHAL_ResetAddressFilter
 .text.RFHAL_Init
                0x000000000000c68c       0xa8 /Users/clfilho/SimplicityStudio/v4_workspaceN/soc-dtm/platform/radio/rail_lib/autogen/librail_release/librail_efr32xg13_gcc_release.a(rail_rf_hal.o)
                0x000000000000c68c                RFHAL_Init
 .text.RFHAL_GetRadioEntropy
                0x000000000000c734        0x4 /Users/clfilho/SimplicityStudio/v4_workspaceN/soc-dtm/platform/radio/rail_lib/autogen/librail_release/librail_efr32xg13_gcc_release.a(rail_rf_hal.o)
                0x000000000000c734                RFHAL_GetRadioEntropy
 .text.RFHAL_SetStateTiming
                0x000000000000c738       0x56 /Users/clfilho/SimplicityStudio/v4_workspaceN/soc-dtm/platform/radio/rail_lib/autogen/librail_release/librail_efr32xg13_gcc_release.a(rail_rf_hal.o)
                0x000000000000c738                RFHAL_SetStateTiming
 .text.RFHAL_ConfigPti
                0x000000000000c78e        0x4 /Users/clfilho/SimplicityStudio/v4_workspaceN/soc-dtm/platform/radio/rail_lib/autogen/librail_release/librail_efr32xg13_gcc_release.a(rail_rf_hal.o)
                0x000000000000c78e                RFHAL_ConfigPti
 .text.RFHAL_EnablePti
                0x000000000000c792        0x4 /Users/clfilho/SimplicityStudio/v4_workspaceN/soc-dtm/platform/radio/rail_lib/autogen/librail_release/librail_efr32xg13_gcc_release.a(rail_rf_hal.o)
                0x000000000000c792                RFHAL_EnablePti
 .text.RFHAL_IEEE802154IsEnabled
                0x000000000000c796        0x6 /Users/clfilho/SimplicityStudio/v4_workspaceN/soc-dtm/platform/radio/rail_lib/autogen/librail_release/librail_efr32xg13_gcc_release.a(rail_ieee802154_rf_hal.o)
                0x000000000000c796                RFHAL_IEEE802154IsEnabled
 .text.RFHAL_ConfigBle2MbpsViterbi
                0x000000000000c79c       0x20 /Users/clfilho/SimplicityStudio/v4_workspaceN/soc-dtm/platform/radio/rail_lib/autogen/librail_release/librail_efr32xg13_gcc_release.a(rail_ble_rf_hal.o)
                0x000000000000c79c                RFHAL_ConfigBle2MbpsViterbi
 .text.RFHAL_ConfigBle1MbpsViterbi
                0x000000000000c7bc       0x20 /Users/clfilho/SimplicityStudio/v4_workspaceN/soc-dtm/platform/radio/rail_lib/autogen/librail_release/librail_efr32xg13_gcc_release.a(rail_ble_rf_hal.o)
                0x000000000000c7bc                RFHAL_ConfigBle1MbpsViterbi
 .text.RFHAL_ConfigBleCoded
                0x000000000000c7dc       0x24 /Users/clfilho/SimplicityStudio/v4_workspaceN/soc-dtm/platform/radio/rail_lib/autogen/librail_release/librail_efr32xg13_gcc_release.a(rail_ble_rf_hal.o)
                0x000000000000c7dc                RFHAL_ConfigBleCoded
 .text.RFHAL_BleReinit
                0x000000000000c800       0x1c /Users/clfilho/SimplicityStudio/v4_workspaceN/soc-dtm/platform/radio/rail_lib/autogen/librail_release/librail_efr32xg13_gcc_release.a(rail_ble_rf_hal.o)
                0x000000000000c800                RFHAL_BleReinit
 .text.RFHAL_BleInit
                0x000000000000c81c       0x12 /Users/clfilho/SimplicityStudio/v4_workspaceN/soc-dtm/platform/radio/rail_lib/autogen/librail_release/librail_efr32xg13_gcc_release.a(rail_ble_rf_hal.o)
                0x000000000000c81c                RFHAL_BleInit
 *fill*         0x000000000000c82e        0x2 
 .text.RFHAL_IsBleLongRangeEnabled
                0x000000000000c830       0x18 /Users/clfilho/SimplicityStudio/v4_workspaceN/soc-dtm/platform/radio/rail_lib/autogen/librail_release/librail_efr32xg13_gcc_release.a(rail_ble_rf_hal.o)
                0x000000000000c830                RFHAL_IsBleLongRangeEnabled
 .text.RFHAL_BLEPreambleSyncWordSet
                0x000000000000c848       0x44 /Users/clfilho/SimplicityStudio/v4_workspaceN/soc-dtm/platform/radio/rail_lib/autogen/librail_release/librail_efr32xg13_gcc_release.a(rail_ble_rf_hal.o)
                0x000000000000c848                RFHAL_BLEPreambleSyncWordSet
 .text.RFHAL_BLEWhiteningSet
                0x000000000000c88c       0x68 /Users/clfilho/SimplicityStudio/v4_workspaceN/soc-dtm/platform/radio/rail_lib/autogen/librail_release/librail_efr32xg13_gcc_release.a(rail_ble_rf_hal.o)
                0x000000000000c88c                RFHAL_BLEWhiteningSet
 .text.setMultiTimer
                0x000000000000c8f4        0x4 /Users/clfilho/SimplicityStudio/v4_workspaceN/soc-dtm/platform/radio/rail_lib/autogen/librail_release/librail_efr32xg13_gcc_release.a(rail_singleprotocol.o)
 .text.cancelMultiTimer
                0x000000000000c8f8        0x4 /Users/clfilho/SimplicityStudio/v4_workspaceN/soc-dtm/platform/radio/rail_lib/autogen/librail_release/librail_efr32xg13_gcc_release.a(rail_singleprotocol.o)
 .text.isMultiTimerExpired
                0x000000000000c8fc        0x4 /Users/clfilho/SimplicityStudio/v4_workspaceN/soc-dtm/platform/radio/rail_lib/autogen/librail_release/librail_efr32xg13_gcc_release.a(rail_singleprotocol.o)
 .text.getMultiTimer
                0x000000000000c900        0x4 /Users/clfilho/SimplicityStudio/v4_workspaceN/soc-dtm/platform/radio/rail_lib/autogen/librail_release/librail_efr32xg13_gcc_release.a(rail_singleprotocol.o)
 .text.getActiveTimerCb
                0x000000000000c904       0x18 /Users/clfilho/SimplicityStudio/v4_workspaceN/soc-dtm/platform/radio/rail_lib/autogen/librail_release/librail_efr32xg13_gcc_release.a(rail_singleprotocol.o)
 .text.isMultiTimerRunning
                0x000000000000c91c        0x4 /Users/clfilho/SimplicityStudio/v4_workspaceN/soc-dtm/platform/radio/rail_lib/autogen/librail_release/librail_efr32xg13_gcc_release.a(rail_singleprotocol.o)
 .text.RAIL_Init
                0x000000000000c920       0x20 /Users/clfilho/SimplicityStudio/v4_workspaceN/soc-dtm/platform/radio/rail_lib/autogen/librail_release/librail_efr32xg13_gcc_release.a(rail_singleprotocol.o)
                0x000000000000c920                RAIL_Init
 .text.RAIL_GetSchedulerStatus
                0x000000000000c940        0x4 /Users/clfilho/SimplicityStudio/v4_workspaceN/soc-dtm/platform/radio/rail_lib/autogen/librail_release/librail_efr32xg13_gcc_release.a(rail_singleprotocol.o)
                0x000000000000c940                RAIL_GetSchedulerStatus
 .text.RAIL_Idle
                0x000000000000c944        0x8 /Users/clfilho/SimplicityStudio/v4_workspaceN/soc-dtm/platform/radio/rail_lib/autogen/librail_release/librail_efr32xg13_gcc_release.a(rail_singleprotocol.o)
                0x000000000000c944                RAIL_Idle
 .text.RAIL_YieldRadio
                0x000000000000c94c        0x2 /Users/clfilho/SimplicityStudio/v4_workspaceN/soc-dtm/platform/radio/rail_lib/autogen/librail_release/librail_efr32xg13_gcc_release.a(rail_singleprotocol.o)
                0x000000000000c94c                RAIL_YieldRadio
 .text.RAIL_GetRadioEntropy
                0x000000000000c94e        0x8 /Users/clfilho/SimplicityStudio/v4_workspaceN/soc-dtm/platform/radio/rail_lib/autogen/librail_release/librail_efr32xg13_gcc_release.a(rail_singleprotocol.o)
                0x000000000000c94e                RAIL_GetRadioEntropy
 .text.RAIL_SetTimer
                0x000000000000c956       0x1c /Users/clfilho/SimplicityStudio/v4_workspaceN/soc-dtm/platform/radio/rail_lib/autogen/librail_release/librail_efr32xg13_gcc_release.a(rail_singleprotocol.o)
                0x000000000000c956                RAIL_SetTimer
 .text.RAIL_CancelTimer
                0x000000000000c972        0xe /Users/clfilho/SimplicityStudio/v4_workspaceN/soc-dtm/platform/radio/rail_lib/autogen/librail_release/librail_efr32xg13_gcc_release.a(rail_singleprotocol.o)
                0x000000000000c972                RAIL_CancelTimer
 .text.RAIL_StartTx
                0x000000000000c980        0x6 /Users/clfilho/SimplicityStudio/v4_workspaceN/soc-dtm/platform/radio/rail_lib/autogen/librail_release/librail_efr32xg13_gcc_release.a(rail_singleprotocol.o)
                0x000000000000c980                RAIL_StartTx
 .text.RAIL_StartScheduledTx
                0x000000000000c986        0x6 /Users/clfilho/SimplicityStudio/v4_workspaceN/soc-dtm/platform/radio/rail_lib/autogen/librail_release/librail_efr32xg13_gcc_release.a(rail_singleprotocol.o)
                0x000000000000c986                RAIL_StartScheduledTx
 .text.RAIL_StartTxStream
                0x000000000000c98c        0x6 /Users/clfilho/SimplicityStudio/v4_workspaceN/soc-dtm/platform/radio/rail_lib/autogen/librail_release/librail_efr32xg13_gcc_release.a(rail_singleprotocol.o)
                0x000000000000c98c                RAIL_StartTxStream
 .text.RAIL_StopTxStream
                0x000000000000c992        0xa /Users/clfilho/SimplicityStudio/v4_workspaceN/soc-dtm/platform/radio/rail_lib/autogen/librail_release/librail_efr32xg13_gcc_release.a(rail_singleprotocol.o)
                0x000000000000c992                RAIL_StopTxStream
 .text.RAIL_ScheduleRx
                0x000000000000c99c        0x6 /Users/clfilho/SimplicityStudio/v4_workspaceN/soc-dtm/platform/radio/rail_lib/autogen/librail_release/librail_efr32xg13_gcc_release.a(rail_singleprotocol.o)
                0x000000000000c99c                RAIL_ScheduleRx
 .text.radioConfigChangedDefault
                0x000000000000c9a2        0x2 /Users/clfilho/SimplicityStudio/v4_workspaceN/soc-dtm/platform/radio/rail_lib/autogen/librail_release/librail_efr32xg13_gcc_release.a(rail_rf.o)
 .text.isTransitionState
                0x000000000000c9a4       0x12 /Users/clfilho/SimplicityStudio/v4_workspaceN/soc-dtm/platform/radio/rail_lib/autogen/librail_release/librail_efr32xg13_gcc_release.a(rail_rf.o)
 .text.RAILCore_Init
                0x000000000000c9b6       0x12 /Users/clfilho/SimplicityStudio/v4_workspaceN/soc-dtm/platform/radio/rail_lib/autogen/librail_release/librail_efr32xg13_gcc_release.a(rail_rf.o)
                0x000000000000c9b6                RAILCore_Init
 .text.RAILInt_SetCallbackConfig
                0x000000000000c9c8       0x20 /Users/clfilho/SimplicityStudio/v4_workspaceN/soc-dtm/platform/radio/rail_lib/autogen/librail_release/librail_efr32xg13_gcc_release.a(rail_rf.o)
                0x000000000000c9c8                RAILInt_SetCallbackConfig
 .text.RAILCore_Idle
                0x000000000000c9e8       0x14 /Users/clfilho/SimplicityStudio/v4_workspaceN/soc-dtm/platform/radio/rail_lib/autogen/librail_release/librail_efr32xg13_gcc_release.a(rail_rf.o)
                0x000000000000c9e8                RAILCore_Idle
 .text.RAILCb_CalcBitRate
                0x000000000000c9fc        0x6 /Users/clfilho/SimplicityStudio/v4_workspaceN/soc-dtm/platform/radio/rail_lib/autogen/librail_release/librail_efr32xg13_gcc_release.a(rail_rf.o)
                0x000000000000c9fc                RAILCb_CalcBitRate
 .text.RAIL_SetStateTiming
                0x000000000000ca02        0x6 /Users/clfilho/SimplicityStudio/v4_workspaceN/soc-dtm/platform/radio/rail_lib/autogen/librail_release/librail_efr32xg13_gcc_release.a(rail_rf.o)
                0x000000000000ca02                RAIL_SetStateTiming
 .text.RAILInt_IsPowerInRange
                0x000000000000ca08       0x3c /Users/clfilho/SimplicityStudio/v4_workspaceN/soc-dtm/platform/radio/rail_lib/autogen/librail_release/librail_efr32xg13_gcc_release.a(rail_rf.o)
                0x000000000000ca08                RAILInt_IsPowerInRange
 .text.RAILInt_SetChannel
                0x000000000000ca44      0x1c0 /Users/clfilho/SimplicityStudio/v4_workspaceN/soc-dtm/platform/radio/rail_lib/autogen/librail_release/librail_efr32xg13_gcc_release.a(rail_rf.o)
                0x000000000000ca44                RAILInt_SetChannel
 .text.RAILCore_ConfigChannels
                0x000000000000cc04       0x60 /Users/clfilho/SimplicityStudio/v4_workspaceN/soc-dtm/platform/radio/rail_lib/autogen/librail_release/librail_efr32xg13_gcc_release.a(rail_rf.o)
                0x000000000000cc04                RAILCore_ConfigChannels
 .text.RAILInt_GetChannel
                0x000000000000cc64        0x4 /Users/clfilho/SimplicityStudio/v4_workspaceN/soc-dtm/platform/radio/rail_lib/autogen/librail_release/librail_efr32xg13_gcc_release.a(rail_rf.o)
                0x000000000000cc64                RAILInt_GetChannel
 .text.RAILCore_SetTxTransitions
                0x000000000000cc68       0x3c /Users/clfilho/SimplicityStudio/v4_workspaceN/soc-dtm/platform/radio/rail_lib/autogen/librail_release/librail_efr32xg13_gcc_release.a(rail_rf.o)
                0x000000000000cc68                RAILCore_SetTxTransitions
 .text.RAIL_SetTxTransitions
                0x000000000000cca4        0x6 /Users/clfilho/SimplicityStudio/v4_workspaceN/soc-dtm/platform/radio/rail_lib/autogen/librail_release/librail_efr32xg13_gcc_release.a(rail_rf.o)
                0x000000000000cca4                RAIL_SetTxTransitions
 .text.RAILCore_SetRxTransitions
                0x000000000000ccaa       0x38 /Users/clfilho/SimplicityStudio/v4_workspaceN/soc-dtm/platform/radio/rail_lib/autogen/librail_release/librail_efr32xg13_gcc_release.a(rail_rf.o)
                0x000000000000ccaa                RAILCore_SetRxTransitions
 .text.RAIL_SetRxTransitions
                0x000000000000cce2        0x6 /Users/clfilho/SimplicityStudio/v4_workspaceN/soc-dtm/platform/radio/rail_lib/autogen/librail_release/librail_efr32xg13_gcc_release.a(rail_rf.o)
                0x000000000000cce2                RAIL_SetRxTransitions
 .text.RAIL_ConfigEvents
                0x000000000000cce8        0x6 /Users/clfilho/SimplicityStudio/v4_workspaceN/soc-dtm/platform/radio/rail_lib/autogen/librail_release/librail_efr32xg13_gcc_release.a(rail_rf.o)
                0x000000000000cce8                RAIL_ConfigEvents
 .text.RAIL_ConfigRxOptions
                0x000000000000ccee        0x6 /Users/clfilho/SimplicityStudio/v4_workspaceN/soc-dtm/platform/radio/rail_lib/autogen/librail_release/librail_efr32xg13_gcc_release.a(rail_rx.o)
                0x000000000000ccee                RAIL_ConfigRxOptions
 .text.RAILCore_ScheduleRx
                0x000000000000ccf4       0x2c /Users/clfilho/SimplicityStudio/v4_workspaceN/soc-dtm/platform/radio/rail_lib/autogen/librail_release/librail_efr32xg13_gcc_release.a(rail_rx.o)
                0x000000000000ccf4                RAILCore_ScheduleRx
 .text.RAILCb_ConfigFrameTypeLength
                0x000000000000cd20        0x6 /Users/clfilho/SimplicityStudio/v4_workspaceN/soc-dtm/platform/radio/rail_lib/autogen/librail_release/librail_efr32xg13_gcc_release.a(rail_rx.o)
                0x000000000000cd20                RAILCb_ConfigFrameTypeLength
 .text.RAILCore_StartTxStream
                0x000000000000cd26       0x2c /Users/clfilho/SimplicityStudio/v4_workspaceN/soc-dtm/platform/radio/rail_lib/autogen/librail_release/librail_efr32xg13_gcc_release.a(rail_tx.o)
                0x000000000000cd26                RAILCore_StartTxStream
 .text.RAIL_SetTxPower
                0x000000000000cd52        0x6 /Users/clfilho/SimplicityStudio/v4_workspaceN/soc-dtm/platform/radio/rail_lib/autogen/librail_release/librail_efr32xg13_gcc_release.a(rail_tx.o)
                0x000000000000cd52                RAIL_SetTxPower
 .text.RAIL_ConfigTxPower
                0x000000000000cd58       0x1c /Users/clfilho/SimplicityStudio/v4_workspaceN/soc-dtm/platform/radio/rail_lib/autogen/librail_release/librail_efr32xg13_gcc_release.a(rail_tx.o)
                0x000000000000cd58                RAIL_ConfigTxPower
 .text.RAILInt_PendCal
                0x000000000000cd74       0x24 /Users/clfilho/SimplicityStudio/v4_workspaceN/soc-dtm/platform/radio/rail_lib/autogen/librail_release/librail_efr32xg13_gcc_release.a(rail_calibration.o)
                0x000000000000cd74                RAILInt_PendCal
 .text.RAIL_WriteTxFifo
                0x000000000000cd98        0x6 /Users/clfilho/SimplicityStudio/v4_workspaceN/soc-dtm/platform/radio/rail_lib/autogen/librail_release/librail_efr32xg13_gcc_release.a(rail_data.o)
                0x000000000000cd98                RAIL_WriteTxFifo
 .text.RAIL_SetTxFifo
                0x000000000000cd9e        0x6 /Users/clfilho/SimplicityStudio/v4_workspaceN/soc-dtm/platform/radio/rail_lib/autogen/librail_release/librail_efr32xg13_gcc_release.a(rail_data.o)
                0x000000000000cd9e                RAIL_SetTxFifo
 .text.RAIL_SetRxFifo
                0x000000000000cda4        0x6 /Users/clfilho/SimplicityStudio/v4_workspaceN/soc-dtm/platform/radio/rail_lib/autogen/librail_release/librail_efr32xg13_gcc_release.a(rail_data.o)
                0x000000000000cda4                RAIL_SetRxFifo
 *fill*         0x000000000000cdaa        0x2 
 .text.RAILCb_SetupRxFifo
                0x000000000000cdac       0x30 /Users/clfilho/SimplicityStudio/v4_workspaceN/soc-dtm/platform/radio/rail_lib/autogen/librail_release/librail_efr32xg13_gcc_release.a(rail_data.o)
                0x000000000000cdac                RAILCb_SetupRxFifo
 .text.RAIL_GetRxPacketInfo
                0x000000000000cddc        0x8 /Users/clfilho/SimplicityStudio/v4_workspaceN/soc-dtm/platform/radio/rail_lib/autogen/librail_release/librail_efr32xg13_gcc_release.a(rail_data.o)
                0x000000000000cddc                RAIL_GetRxPacketInfo
 .text.RAIL_GetRxPacketDetails
                0x000000000000cde4        0x6 /Users/clfilho/SimplicityStudio/v4_workspaceN/soc-dtm/platform/radio/rail_lib/autogen/librail_release/librail_efr32xg13_gcc_release.a(rail_data.o)
                0x000000000000cde4                RAIL_GetRxPacketDetails
 .text.RAIL_ResetFifo
                0x000000000000cdea       0x1e /Users/clfilho/SimplicityStudio/v4_workspaceN/soc-dtm/platform/radio/rail_lib/autogen/librail_release/librail_efr32xg13_gcc_release.a(rail_data.o)
                0x000000000000cdea                RAIL_ResetFifo
 .text.RAILCb_AssertFailed
                0x000000000000ce08       0x14 /Users/clfilho/SimplicityStudio/v4_workspaceN/soc-dtm/platform/radio/rail_lib/autogen/librail_release/librail_efr32xg13_gcc_release.a(rail_assert.o)
                0x000000000000ce08                RAILCb_AssertFailed
 .text.RAILInt_Assert
                0x000000000000ce1c       0x1c /Users/clfilho/SimplicityStudio/v4_workspaceN/soc-dtm/platform/radio/rail_lib/autogen/librail_release/librail_efr32xg13_gcc_release.a(rail_assert.o)
                0x000000000000ce1c                RAILInt_Assert
 .text.RAIL_GetTime
                0x000000000000ce38        0x4 /Users/clfilho/SimplicityStudio/v4_workspaceN/soc-dtm/platform/radio/rail_lib/autogen/librail_release/librail_efr32xg13_gcc_release.a(rail_timer.o)
                0x000000000000ce38                RAIL_GetTime
 .text.checkAndAddRxLenOverflowEntry.part.0
                0x000000000000ce3c       0x2c /Users/clfilho/SimplicityStudio/v4_workspaceN/soc-dtm/platform/radio/rail_lib/autogen/librail_release/librail_efr32xg13_gcc_release.a(bufc.o)
 .text.BUFC_ReadHelper
                0x000000000000ce68       0x7a /Users/clfilho/SimplicityStudio/v4_workspaceN/soc-dtm/platform/radio/rail_lib/autogen/librail_release/librail_efr32xg13_gcc_release.a(bufc.o)
 *fill*         0x000000000000cee2        0x2 
 .text.BUFC_SetTxBuffer
                0x000000000000cee4       0x38 /Users/clfilho/SimplicityStudio/v4_workspaceN/soc-dtm/platform/radio/rail_lib/autogen/librail_release/librail_efr32xg13_gcc_release.a(bufc.o)
                0x000000000000cee4                BUFC_SetTxBuffer
 .text.BUFC_SetRxBuffer
                0x000000000000cf1c       0x1c /Users/clfilho/SimplicityStudio/v4_workspaceN/soc-dtm/platform/radio/rail_lib/autogen/librail_release/librail_efr32xg13_gcc_release.a(bufc.o)
                0x000000000000cf1c                BUFC_SetRxBuffer
 .text.BUFC_WriteBuffer
                0x000000000000cf38       0xb0 /Users/clfilho/SimplicityStudio/v4_workspaceN/soc-dtm/platform/radio/rail_lib/autogen/librail_release/librail_efr32xg13_gcc_release.a(bufc.o)
                0x000000000000cf38                BUFC_WriteBuffer
 .text.BUFC_Peek
                0x000000000000cfe8       0x12 /Users/clfilho/SimplicityStudio/v4_workspaceN/soc-dtm/platform/radio/rail_lib/autogen/librail_release/librail_efr32xg13_gcc_release.a(bufc.o)
                0x000000000000cfe8                BUFC_Peek
 .text.BUFC_PeekByte
                0x000000000000cffa       0x46 /Users/clfilho/SimplicityStudio/v4_workspaceN/soc-dtm/platform/radio/rail_lib/autogen/librail_release/librail_efr32xg13_gcc_release.a(bufc.o)
                0x000000000000cffa                BUFC_PeekByte
 .text.BUFC_GetSpaceAvailable
                0x000000000000d040       0x24 /Users/clfilho/SimplicityStudio/v4_workspaceN/soc-dtm/platform/radio/rail_lib/autogen/librail_release/librail_efr32xg13_gcc_release.a(bufc.o)
                0x000000000000d040                BUFC_GetSpaceAvailable
 .text.BUFC_GetBytesAvailable
                0x000000000000d064       0x14 /Users/clfilho/SimplicityStudio/v4_workspaceN/soc-dtm/platform/radio/rail_lib/autogen/librail_release/librail_efr32xg13_gcc_release.a(bufc.o)
                0x000000000000d064                BUFC_GetBytesAvailable
 .text.BUFC_TxAckBufferSet
                0x000000000000d078       0x2c /Users/clfilho/SimplicityStudio/v4_workspaceN/soc-dtm/platform/radio/rail_lib/autogen/librail_release/librail_efr32xg13_gcc_release.a(bufc.o)
                0x000000000000d078                BUFC_TxAckBufferSet
 .text.BUFC_RxBufferReset
                0x000000000000d0a4       0x5c /Users/clfilho/SimplicityStudio/v4_workspaceN/soc-dtm/platform/radio/rail_lib/autogen/librail_release/librail_efr32xg13_gcc_release.a(bufc.o)
                0x000000000000d0a4                BUFC_RxBufferReset
 .text.BUFC_Init
                0x000000000000d100       0x50 /Users/clfilho/SimplicityStudio/v4_workspaceN/soc-dtm/platform/radio/rail_lib/autogen/librail_release/librail_efr32xg13_gcc_release.a(bufc.o)
                0x000000000000d100                BUFC_Init
 .text.BUFC_ReleaseRxPacket
                0x000000000000d150      0x118 /Users/clfilho/SimplicityStudio/v4_workspaceN/soc-dtm/platform/radio/rail_lib/autogen/librail_release/librail_efr32xg13_gcc_release.a(bufc.o)
                0x000000000000d150                BUFC_ReleaseRxPacket
 .text.BUFC_StartRxLenThrEvent
                0x000000000000d268       0x50 /Users/clfilho/SimplicityStudio/v4_workspaceN/soc-dtm/platform/radio/rail_lib/autogen/librail_release/librail_efr32xg13_gcc_release.a(bufc.o)
                0x000000000000d268                BUFC_StartRxLenThrEvent
 .text.BUFC_EndRxLenThrEvent
                0x000000000000d2b8       0x1c /Users/clfilho/SimplicityStudio/v4_workspaceN/soc-dtm/platform/radio/rail_lib/autogen/librail_release/librail_efr32xg13_gcc_release.a(bufc.o)
                0x000000000000d2b8                BUFC_EndRxLenThrEvent
 .text.BUFC_HandleRxLenOvfEvent
                0x000000000000d2d4       0x30 /Users/clfilho/SimplicityStudio/v4_workspaceN/soc-dtm/platform/radio/rail_lib/autogen/librail_release/librail_efr32xg13_gcc_release.a(bufc.o)
                0x000000000000d2d4                BUFC_HandleRxLenOvfEvent
 .text.BUFC_GetRxPacketInfo
                0x000000000000d304      0x168 /Users/clfilho/SimplicityStudio/v4_workspaceN/soc-dtm/platform/radio/rail_lib/autogen/librail_release/librail_efr32xg13_gcc_release.a(bufc.o)
                0x000000000000d304                BUFC_GetRxPacketInfo
 .text.IRCAL_Set
                0x000000000000d46c       0x1c /Users/clfilho/SimplicityStudio/v4_workspaceN/soc-dtm/platform/radio/rail_lib/autogen/librail_release/librail_efr32xg13_gcc_release.a(ir_cal.o)
                0x000000000000d46c                IRCAL_Set
 .text.getRampTimeFromLevelAndRate
                0x000000000000d488       0x20 /Users/clfilho/SimplicityStudio/v4_workspaceN/soc-dtm/platform/radio/rail_lib/autogen/librail_release/librail_efr32xg13_gcc_release.a(pa.o)
 .text.PA_ProtectPa
                0x000000000000d4a8       0xa0 /Users/clfilho/SimplicityStudio/v4_workspaceN/soc-dtm/platform/radio/rail_lib/autogen/librail_release/librail_efr32xg13_gcc_release.a(pa.o)
 .text.PA_GetTxPowerConfig
                0x000000000000d548       0x14 /Users/clfilho/SimplicityStudio/v4_workspaceN/soc-dtm/platform/radio/rail_lib/autogen/librail_release/librail_efr32xg13_gcc_release.a(pa.o)
                0x000000000000d548                PA_GetTxPowerConfig
 .text.PA_GetPowerLevel
                0x000000000000d55c        0xc /Users/clfilho/SimplicityStudio/v4_workspaceN/soc-dtm/platform/radio/rail_lib/autogen/librail_release/librail_efr32xg13_gcc_release.a(pa.o)
                0x000000000000d55c                PA_GetPowerLevel
 .text.PA_SetPowerLevel
                0x000000000000d568      0x178 /Users/clfilho/SimplicityStudio/v4_workspaceN/soc-dtm/platform/radio/rail_lib/autogen/librail_release/librail_efr32xg13_gcc_release.a(pa.o)
                0x000000000000d568                PA_SetPowerLevel
 .text.PA_RunPeakDetectorHigh
                0x000000000000d6e0       0x40 /Users/clfilho/SimplicityStudio/v4_workspaceN/soc-dtm/platform/radio/rail_lib/autogen/librail_release/librail_efr32xg13_gcc_release.a(pa.o)
                0x000000000000d6e0                PA_RunPeakDetectorHigh
 .text.PA_RunPeakDetectorLow
                0x000000000000d720        0x2 /Users/clfilho/SimplicityStudio/v4_workspaceN/soc-dtm/platform/radio/rail_lib/autogen/librail_release/librail_efr32xg13_gcc_release.a(pa.o)
                0x000000000000d720                PA_RunPeakDetectorLow
 *fill*         0x000000000000d722        0x2 
 .text.PA_RunBatHigh
                0x000000000000d724       0x2c /Users/clfilho/SimplicityStudio/v4_workspaceN/soc-dtm/platform/radio/rail_lib/autogen/librail_release/librail_efr32xg13_gcc_release.a(pa.o)
                0x000000000000d724                PA_RunBatHigh
 .text.PA_GetRampTime
                0x000000000000d750        0xc /Users/clfilho/SimplicityStudio/v4_workspaceN/soc-dtm/platform/radio/rail_lib/autogen/librail_release/librail_efr32xg13_gcc_release.a(pa.o)
                0x000000000000d750                PA_GetRampTime
 .text.PA_CalcRampTime
                0x000000000000d75c       0x3c /Users/clfilho/SimplicityStudio/v4_workspaceN/soc-dtm/platform/radio/rail_lib/autogen/librail_release/librail_efr32xg13_gcc_release.a(pa.o)
                0x000000000000d75c                PA_CalcRampTime
 .text.PA_SetRampTime
                0x000000000000d798      0x100 /Users/clfilho/SimplicityStudio/v4_workspaceN/soc-dtm/platform/radio/rail_lib/autogen/librail_release/librail_efr32xg13_gcc_release.a(pa.o)
                0x000000000000d798                PA_SetRampTime
 .text.PA_SetCTune
                0x000000000000d898       0x34 /Users/clfilho/SimplicityStudio/v4_workspaceN/soc-dtm/platform/radio/rail_lib/autogen/librail_release/librail_efr32xg13_gcc_release.a(pa.o)
                0x000000000000d898                PA_SetCTune
 .text.PA_SelectBand
                0x000000000000d8cc       0x38 /Users/clfilho/SimplicityStudio/v4_workspaceN/soc-dtm/platform/radio/rail_lib/autogen/librail_release/librail_efr32xg13_gcc_release.a(pa.o)
                0x000000000000d8cc                PA_SelectBand
 .text.PA_Config
                0x000000000000d904      0x114 /Users/clfilho/SimplicityStudio/v4_workspaceN/soc-dtm/platform/radio/rail_lib/autogen/librail_release/librail_efr32xg13_gcc_release.a(pa.o)
                0x000000000000d904                PA_Config
 .text.PA_UpdateConfig
                0x000000000000da18       0x38 /Users/clfilho/SimplicityStudio/v4_workspaceN/soc-dtm/platform/radio/rail_lib/autogen/librail_release/librail_efr32xg13_gcc_release.a(pa.o)
                0x000000000000da18                PA_UpdateConfig
 .text.PROTIMER_Init
                0x000000000000da50       0xe4 /Users/clfilho/SimplicityStudio/v4_workspaceN/soc-dtm/platform/radio/rail_lib/autogen/librail_release/librail_efr32xg13_gcc_release.a(protimer.o)
                0x000000000000da50                PROTIMER_Init
 .text.PROTIMER_Start
                0x000000000000db34       0x1c /Users/clfilho/SimplicityStudio/v4_workspaceN/soc-dtm/platform/radio/rail_lib/autogen/librail_release/librail_efr32xg13_gcc_release.a(protimer.o)
                0x000000000000db34                PROTIMER_Start
 .text.PROTIMER_ElapsedTime
                0x000000000000db50       0x40 /Users/clfilho/SimplicityStudio/v4_workspaceN/soc-dtm/platform/radio/rail_lib/autogen/librail_release/librail_efr32xg13_gcc_release.a(protimer.o)
                0x000000000000db50                PROTIMER_ElapsedTime
 .text.PROTIMER_CCTimerStop
                0x000000000000db90       0x20 /Users/clfilho/SimplicityStudio/v4_workspaceN/soc-dtm/platform/radio/rail_lib/autogen/librail_release/librail_efr32xg13_gcc_release.a(protimer.o)
                0x000000000000db90                PROTIMER_CCTimerStop
 .text.PROTIMER_CCTimerIsEnabled
                0x000000000000dbb0       0x14 /Users/clfilho/SimplicityStudio/v4_workspaceN/soc-dtm/platform/radio/rail_lib/autogen/librail_release/librail_efr32xg13_gcc_release.a(protimer.o)
                0x000000000000dbb0                PROTIMER_CCTimerIsEnabled
 .text.PROTIMER_CCTimerCapture
                0x000000000000dbc4       0x18 /Users/clfilho/SimplicityStudio/v4_workspaceN/soc-dtm/platform/radio/rail_lib/autogen/librail_release/librail_efr32xg13_gcc_release.a(protimer.o)
                0x000000000000dbc4                PROTIMER_CCTimerCapture
 .text.PROTIMER_ClearRxEnable
                0x000000000000dbdc       0x10 /Users/clfilho/SimplicityStudio/v4_workspaceN/soc-dtm/platform/radio/rail_lib/autogen/librail_release/librail_efr32xg13_gcc_release.a(protimer.o)
                0x000000000000dbdc                PROTIMER_ClearRxEnable
 .text.PROTIMER_GetTime
                0x000000000000dbec       0x38 /Users/clfilho/SimplicityStudio/v4_workspaceN/soc-dtm/platform/radio/rail_lib/autogen/librail_release/librail_efr32xg13_gcc_release.a(protimer.o)
                0x000000000000dbec                PROTIMER_GetTime
 .text.PROTIMER_GetCCTime
                0x000000000000dc24       0x48 /Users/clfilho/SimplicityStudio/v4_workspaceN/soc-dtm/platform/radio/rail_lib/autogen/librail_release/librail_efr32xg13_gcc_release.a(protimer.o)
                0x000000000000dc24                PROTIMER_GetCCTime
 .text.PROTIMER_LBTStop
                0x000000000000dc6c       0x18 /Users/clfilho/SimplicityStudio/v4_workspaceN/soc-dtm/platform/radio/rail_lib/autogen/librail_release/librail_efr32xg13_gcc_release.a(protimer.o)
                0x000000000000dc6c                PROTIMER_LBTStop
 .text.PROTIMER_PrecntOverflowToUs
                0x000000000000dc84       0x34 /Users/clfilho/SimplicityStudio/v4_workspaceN/soc-dtm/platform/radio/rail_lib/autogen/librail_release/librail_efr32xg13_gcc_release.a(protimer.o)
                0x000000000000dc84                PROTIMER_PrecntOverflowToUs
 .text.PROTIMER_GetUsTime
                0x000000000000dcb8       0x18 /Users/clfilho/SimplicityStudio/v4_workspaceN/soc-dtm/platform/radio/rail_lib/autogen/librail_release/librail_efr32xg13_gcc_release.a(protimer.o)
                0x000000000000dcb8                PROTIMER_GetUsTime
 .text.PROTIMER_GetUsFromRawWrap
                0x000000000000dcd0       0x30 /Users/clfilho/SimplicityStudio/v4_workspaceN/soc-dtm/platform/radio/rail_lib/autogen/librail_release/librail_efr32xg13_gcc_release.a(protimer.o)
                0x000000000000dcd0                PROTIMER_GetUsFromRawWrap
 .text.PROTIMER_UsToPrecntOverflow
                0x000000000000dd00       0x40 /Users/clfilho/SimplicityStudio/v4_workspaceN/soc-dtm/platform/radio/rail_lib/autogen/librail_release/librail_efr32xg13_gcc_release.a(protimer.o)
                0x000000000000dd00                PROTIMER_UsToPrecntOverflow
 .text.PROTIMER_CCTimerStart
                0x000000000000dd40      0x1a8 /Users/clfilho/SimplicityStudio/v4_workspaceN/soc-dtm/platform/radio/rail_lib/autogen/librail_release/librail_efr32xg13_gcc_release.a(protimer.o)
                0x000000000000dd40                PROTIMER_CCTimerStart
 .text.PROTIMER_ScheduleTxEnable
                0x000000000000dee8       0x28 /Users/clfilho/SimplicityStudio/v4_workspaceN/soc-dtm/platform/radio/rail_lib/autogen/librail_release/librail_efr32xg13_gcc_release.a(protimer.o)
                0x000000000000dee8                PROTIMER_ScheduleTxEnable
 .text.PROTIMER_ScheduleRxEnable
                0x000000000000df10       0x28 /Users/clfilho/SimplicityStudio/v4_workspaceN/soc-dtm/platform/radio/rail_lib/autogen/librail_release/librail_efr32xg13_gcc_release.a(protimer.o)
                0x000000000000df10                PROTIMER_ScheduleRxEnable
 .text.PROTIMER_ScheduleRxDisable
                0x000000000000df38       0x34 /Users/clfilho/SimplicityStudio/v4_workspaceN/soc-dtm/platform/radio/rail_lib/autogen/librail_release/librail_efr32xg13_gcc_release.a(protimer.o)
                0x000000000000df38                PROTIMER_ScheduleRxDisable
 .text.PROTIMER_DelayUs
                0x000000000000df6c       0x16 /Users/clfilho/SimplicityStudio/v4_workspaceN/soc-dtm/platform/radio/rail_lib/autogen/librail_release/librail_efr32xg13_gcc_release.a(protimer.o)
                0x000000000000df6c                PROTIMER_DelayUs
 *fill*         0x000000000000df82        0x2 
 .text.PTI_Config
                0x000000000000df84       0xc0 /Users/clfilho/SimplicityStudio/v4_workspaceN/soc-dtm/platform/radio/rail_lib/autogen/librail_release/librail_efr32xg13_gcc_release.a(pti.o)
                0x000000000000df84                PTI_Config
 .text.PTI_EnableAppendedInfo
                0x000000000000e044       0x18 /Users/clfilho/SimplicityStudio/v4_workspaceN/soc-dtm/platform/radio/rail_lib/autogen/librail_release/librail_efr32xg13_gcc_release.a(pti.o)
                0x000000000000e044                PTI_EnableAppendedInfo
 .text.PTI_Enable
                0x000000000000e05c       0x50 /Users/clfilho/SimplicityStudio/v4_workspaceN/soc-dtm/platform/radio/rail_lib/autogen/librail_release/librail_efr32xg13_gcc_release.a(pti.o)
                0x000000000000e05c                PTI_Enable
 .text.PTI_AuxdataOutput
                0x000000000000e0ac       0x1c /Users/clfilho/SimplicityStudio/v4_workspaceN/soc-dtm/platform/radio/rail_lib/autogen/librail_release/librail_efr32xg13_gcc_release.a(pti.o)
                0x000000000000e0ac                PTI_AuxdataOutput
 .text.PTI_EnableSyncword
                0x000000000000e0c8       0x18 /Users/clfilho/SimplicityStudio/v4_workspaceN/soc-dtm/platform/radio/rail_lib/autogen/librail_release/librail_efr32xg13_gcc_release.a(pti.o)
                0x000000000000e0c8                PTI_EnableSyncword
 .text.RADIO_SetAndForgetWrite
                0x000000000000e0e0       0x74 /Users/clfilho/SimplicityStudio/v4_workspaceN/soc-dtm/platform/radio/rail_lib/autogen/librail_release/librail_efr32xg13_gcc_release.a(radio.o)
                0x000000000000e0e0                RADIO_SetAndForgetWrite
 .text.RADIO_RewriteCcTableData
                0x000000000000e154       0x34 /Users/clfilho/SimplicityStudio/v4_workspaceN/soc-dtm/platform/radio/rail_lib/autogen/librail_release/librail_efr32xg13_gcc_release.a(radio.o)
                0x000000000000e154                RADIO_RewriteCcTableData
 .text.RADIO_SeqInit
                0x000000000000e188       0x64 /Users/clfilho/SimplicityStudio/v4_workspaceN/soc-dtm/platform/radio/rail_lib/autogen/librail_release/librail_efr32xg13_gcc_release.a(radio.o)
                0x000000000000e188                RADIO_SeqInit
 .text.RADIO_ClockEnable
                0x000000000000e1ec       0x14 /Users/clfilho/SimplicityStudio/v4_workspaceN/soc-dtm/platform/radio/rail_lib/autogen/librail_release/librail_efr32xg13_gcc_release.a(radio.o)
                0x000000000000e1ec                RADIO_ClockEnable
 .text.RADIO_Init
                0x000000000000e200       0x5c /Users/clfilho/SimplicityStudio/v4_workspaceN/soc-dtm/platform/radio/rail_lib/autogen/librail_release/librail_efr32xg13_gcc_release.a(radio.o)
                0x000000000000e200                RADIO_Init
 .text.RADIO_ClockPrescGet
                0x000000000000e25c       0x10 /Users/clfilho/SimplicityStudio/v4_workspaceN/soc-dtm/platform/radio/rail_lib/autogen/librail_release/librail_efr32xg13_gcc_release.a(radio.o)
                0x000000000000e25c                RADIO_ClockPrescGet
 .text.RADIO_ClockFreqGet
                0x000000000000e26c       0x14 /Users/clfilho/SimplicityStudio/v4_workspaceN/soc-dtm/platform/radio/rail_lib/autogen/librail_release/librail_efr32xg13_gcc_release.a(radio.o)
                0x000000000000e26c                RADIO_ClockFreqGet
 .text.RADIO_Config
                0x000000000000e280       0xb0 /Users/clfilho/SimplicityStudio/v4_workspaceN/soc-dtm/platform/radio/rail_lib/autogen/librail_release/librail_efr32xg13_gcc_release.a(radio.o)
                0x000000000000e280                RADIO_Config
 .text.RADIO_IsRxOnForRssi
                0x000000000000e330       0x18 /Users/clfilho/SimplicityStudio/v4_workspaceN/soc-dtm/platform/radio/rail_lib/autogen/librail_release/librail_efr32xg13_gcc_release.a(radio.o)
                0x000000000000e330                RADIO_IsRxOnForRssi
 .text.RADIO_RxTrailDataLength
                0x000000000000e348       0x3c /Users/clfilho/SimplicityStudio/v4_workspaceN/soc-dtm/platform/radio/rail_lib/autogen/librail_release/librail_efr32xg13_gcc_release.a(radio.o)
                0x000000000000e348                RADIO_RxTrailDataLength
 .text.RADIO_ComputeTxBaudrate
                0x000000000000e384       0x24 /Users/clfilho/SimplicityStudio/v4_workspaceN/soc-dtm/platform/radio/rail_lib/autogen/librail_release/librail_efr32xg13_gcc_release.a(radio.o)
                0x000000000000e384                RADIO_ComputeTxBaudrate
 .text.RADIO_ComputeTxSymbolRate
                0x000000000000e3a8       0x54 /Users/clfilho/SimplicityStudio/v4_workspaceN/soc-dtm/platform/radio/rail_lib/autogen/librail_release/librail_efr32xg13_gcc_release.a(radio.o)
                0x000000000000e3a8                RADIO_ComputeTxSymbolRate
 .text.RADIO_ComputeTxBitRate
                0x000000000000e3fc       0x44 /Users/clfilho/SimplicityStudio/v4_workspaceN/soc-dtm/platform/radio/rail_lib/autogen/librail_release/librail_efr32xg13_gcc_release.a(radio.o)
                0x000000000000e3fc                RADIO_ComputeTxBitRate
 .text.RADIO_GetRssi
                0x000000000000e440       0x64 /Users/clfilho/SimplicityStudio/v4_workspaceN/soc-dtm/platform/radio/rail_lib/autogen/librail_release/librail_efr32xg13_gcc_release.a(radio.o)
                0x000000000000e440                RADIO_GetRssi
 .text.RADIO_SetCRCInitVal
                0x000000000000e4a4       0x10 /Users/clfilho/SimplicityStudio/v4_workspaceN/soc-dtm/platform/radio/rail_lib/autogen/librail_release/librail_efr32xg13_gcc_release.a(radio.o)
                0x000000000000e4a4                RADIO_SetCRCInitVal
 .text.RADIO_RACClearRxOverflow
                0x000000000000e4b4       0x20 /Users/clfilho/SimplicityStudio/v4_workspaceN/soc-dtm/platform/radio/rail_lib/autogen/librail_release/librail_efr32xg13_gcc_release.a(radio.o)
                0x000000000000e4b4                RADIO_RACClearRxOverflow
 .text.RFTEST_SaveRadioConfiguration
                0x000000000000e4d4       0x58 /Users/clfilho/SimplicityStudio/v4_workspaceN/soc-dtm/platform/radio/rail_lib/autogen/librail_release/librail_efr32xg13_gcc_release.a(rf_test.o)
                0x000000000000e4d4                RFTEST_SaveRadioConfiguration
 .text.RFTEST_StartCwTx
                0x000000000000e52c       0x70 /Users/clfilho/SimplicityStudio/v4_workspaceN/soc-dtm/platform/radio/rail_lib/autogen/librail_release/librail_efr32xg13_gcc_release.a(rf_test.o)
                0x000000000000e52c                RFTEST_StartCwTx
 .text.RFTEST_StartStreamTx
                0x000000000000e59c       0x54 /Users/clfilho/SimplicityStudio/v4_workspaceN/soc-dtm/platform/radio/rail_lib/autogen/librail_release/librail_efr32xg13_gcc_release.a(rf_test.o)
                0x000000000000e59c                RFTEST_StartStreamTx
 .text.RFTEST_StopTx
                0x000000000000e5f0       0x48 /Users/clfilho/SimplicityStudio/v4_workspaceN/soc-dtm/platform/radio/rail_lib/autogen/librail_release/librail_efr32xg13_gcc_release.a(rf_test.o)
                0x000000000000e5f0                RFTEST_StopTx
 .text.RFTEST_RestoreRadioConfiguration
                0x000000000000e638       0x70 /Users/clfilho/SimplicityStudio/v4_workspaceN/soc-dtm/platform/radio/rail_lib/autogen/librail_release/librail_efr32xg13_gcc_release.a(rf_test.o)
                0x000000000000e638                RFTEST_RestoreRadioConfiguration
 .text.RFSENSE_IRQHandler
                0x000000000000e6a8       0x10 /Users/clfilho/SimplicityStudio/v4_workspaceN/soc-dtm/platform/radio/rail_lib/autogen/librail_release/librail_efr32xg13_gcc_release.a(rfsense.o)
                0x000000000000e6a8                RFSENSE_IRQHandler
 .text.RTCCSYNC_RTCCClockFreqGet
                0x000000000000e6b8       0x44 /Users/clfilho/SimplicityStudio/v4_workspaceN/soc-dtm/platform/radio/rail_lib/autogen/librail_release/librail_efr32xg13_gcc_release.a(rtccsync.o)
 .text.PRORTC_IRQHandler
                0x000000000000e6fc       0x10 /Users/clfilho/SimplicityStudio/v4_workspaceN/soc-dtm/platform/radio/rail_lib/autogen/librail_release/librail_efr32xg13_gcc_release.a(rtccsync.o)
                0x000000000000e6fc                PRORTC_IRQHandler
 .text.RTCCSYNC_Init
                0x000000000000e70c       0x88 /Users/clfilho/SimplicityStudio/v4_workspaceN/soc-dtm/platform/radio/rail_lib/autogen/librail_release/librail_efr32xg13_gcc_release.a(rtccsync.o)
                0x000000000000e70c                RTCCSYNC_Init
 .text.RTCCSYNC_PreSleep
                0x000000000000e794      0x2a0 /Users/clfilho/SimplicityStudio/v4_workspaceN/soc-dtm/platform/radio/rail_lib/autogen/librail_release/librail_efr32xg13_gcc_release.a(rtccsync.o)
                0x000000000000e794                RTCCSYNC_PreSleep
 .text.RTCCSYNC_PostWakeUp
                0x000000000000ea34      0x1b8 /Users/clfilho/SimplicityStudio/v4_workspaceN/soc-dtm/platform/radio/rail_lib/autogen/librail_release/librail_efr32xg13_gcc_release.a(rtccsync.o)
                0x000000000000ea34                RTCCSYNC_PostWakeUp
 .text.SYNTH_RfFreqGet
                0x000000000000ebec        0xc /Users/clfilho/SimplicityStudio/v4_workspaceN/soc-dtm/platform/radio/rail_lib/autogen/librail_release/librail_efr32xg13_gcc_release.a(synth.o)
                0x000000000000ebec                SYNTH_RfFreqGet
 .text.SYNTH_ChSpacingGet
                0x000000000000ebf8        0xc /Users/clfilho/SimplicityStudio/v4_workspaceN/soc-dtm/platform/radio/rail_lib/autogen/librail_release/librail_efr32xg13_gcc_release.a(synth.o)
                0x000000000000ebf8                SYNTH_ChSpacingGet
 .text.SYNTH_LoDivGet
                0x000000000000ec04       0x20 /Users/clfilho/SimplicityStudio/v4_workspaceN/soc-dtm/platform/radio/rail_lib/autogen/librail_release/librail_efr32xg13_gcc_release.a(synth.o)
                0x000000000000ec04                SYNTH_LoDivGet
 .text.SYNTH_Is2p4GHz
                0x000000000000ec24       0x14 /Users/clfilho/SimplicityStudio/v4_workspaceN/soc-dtm/platform/radio/rail_lib/autogen/librail_release/librail_efr32xg13_gcc_release.a(synth.o)
                0x000000000000ec24                SYNTH_Is2p4GHz
 .text.SYNTH_VcoRangeIsValid
                0x000000000000ec38       0x30 /Users/clfilho/SimplicityStudio/v4_workspaceN/soc-dtm/platform/radio/rail_lib/autogen/librail_release/librail_efr32xg13_gcc_release.a(synth.o)
                0x000000000000ec38                SYNTH_VcoRangeIsValid
 .text.SYNTH_RetimeLimitsConfig
                0x000000000000ec68       0x64 /Users/clfilho/SimplicityStudio/v4_workspaceN/soc-dtm/platform/radio/rail_lib/autogen/librail_release/librail_efr32xg13_gcc_release.a(synth.o)
                0x000000000000ec68                SYNTH_RetimeLimitsConfig
 .text.SYNTH_RetimeClkConfig
                0x000000000000eccc       0xb4 /Users/clfilho/SimplicityStudio/v4_workspaceN/soc-dtm/platform/radio/rail_lib/autogen/librail_release/librail_efr32xg13_gcc_release.a(synth.o)
                0x000000000000eccc                SYNTH_RetimeClkConfig
 .text.SYNTH_Config
                0x000000000000ed80      0x104 /Users/clfilho/SimplicityStudio/v4_workspaceN/soc-dtm/platform/radio/rail_lib/autogen/librail_release/librail_efr32xg13_gcc_release.a(synth.o)
                0x000000000000ed80                SYNTH_Config
 .text.SYNTH_ChannelSet
                0x000000000000ee84       0x40 /Users/clfilho/SimplicityStudio/v4_workspaceN/soc-dtm/platform/radio/rail_lib/autogen/librail_release/librail_efr32xg13_gcc_release.a(synth.o)
                0x000000000000ee84                SYNTH_ChannelSet
 .text.SYNTH_DCDCRetimeClkSet
                0x000000000000eec4       0x68 /Users/clfilho/SimplicityStudio/v4_workspaceN/soc-dtm/platform/radio/rail_lib/autogen/librail_release/librail_efr32xg13_gcc_release.a(synth.o)
                0x000000000000eec4                SYNTH_DCDCRetimeClkSet
 .text.SYNTH_DCDCRetimeEnable
                0x000000000000ef2c       0x18 /Users/clfilho/SimplicityStudio/v4_workspaceN/soc-dtm/platform/radio/rail_lib/autogen/librail_release/librail_efr32xg13_gcc_release.a(synth.o)
                0x000000000000ef2c                SYNTH_DCDCRetimeEnable
 .text.SYNTH_DCDCRetimeDisable
                0x000000000000ef44       0x18 /Users/clfilho/SimplicityStudio/v4_workspaceN/soc-dtm/platform/radio/rail_lib/autogen/librail_release/librail_efr32xg13_gcc_release.a(synth.o)
                0x000000000000ef44                SYNTH_DCDCRetimeDisable
 .text.SYNTH_KvnFreqCompensationEnable
                0x000000000000ef5c        0xc /Users/clfilho/SimplicityStudio/v4_workspaceN/soc-dtm/platform/radio/rail_lib/autogen/librail_release/librail_efr32xg13_gcc_release.a(synth.o)
                0x000000000000ef5c                SYNTH_KvnFreqCompensationEnable
 .text.TEMPCAL_Init
                0x000000000000ef68       0x38 /Users/clfilho/SimplicityStudio/v4_workspaceN/soc-dtm/platform/radio/rail_lib/autogen/librail_release/librail_efr32xg13_gcc_release.a(tempcal.o)
                0x000000000000ef68                TEMPCAL_Init
 .text.TIMING_NsToStimerTickCalc
                0x000000000000efa0       0x2c /Users/clfilho/SimplicityStudio/v4_workspaceN/soc-dtm/platform/radio/rail_lib/autogen/librail_release/librail_efr32xg13_gcc_release.a(timings.o)
 .text.TIMING_Recalculate
                0x000000000000efcc      0x1ec /Users/clfilho/SimplicityStudio/v4_workspaceN/soc-dtm/platform/radio/rail_lib/autogen/librail_release/librail_efr32xg13_gcc_release.a(timings.o)
 .text.TIMING_InitStimer
                0x000000000000f1b8       0x8c /Users/clfilho/SimplicityStudio/v4_workspaceN/soc-dtm/platform/radio/rail_lib/autogen/librail_release/librail_efr32xg13_gcc_release.a(timings.o)
                0x000000000000f1b8                TIMING_InitStimer
 .text.TIMING_SeqTimingInit
                0x000000000000f244       0x90 /Users/clfilho/SimplicityStudio/v4_workspaceN/soc-dtm/platform/radio/rail_lib/autogen/librail_release/librail_efr32xg13_gcc_release.a(timings.o)
                0x000000000000f244                TIMING_SeqTimingInit
 .text.TIMING_SetTransitionTime
                0x000000000000f2d4       0x18 /Users/clfilho/SimplicityStudio/v4_workspaceN/soc-dtm/platform/radio/rail_lib/autogen/librail_release/librail_efr32xg13_gcc_release.a(timings.o)
                0x000000000000f2d4                TIMING_SetTransitionTime
 .text.TIMING_RxSearchTimeSet
                0x000000000000f2ec       0x10 /Users/clfilho/SimplicityStudio/v4_workspaceN/soc-dtm/platform/radio/rail_lib/autogen/librail_release/librail_efr32xg13_gcc_release.a(timings.o)
                0x000000000000f2ec                TIMING_RxSearchTimeSet
 .text.TIMING_TxToRxSearchTimeSet
                0x000000000000f2fc       0x10 /Users/clfilho/SimplicityStudio/v4_workspaceN/soc-dtm/platform/radio/rail_lib/autogen/librail_release/librail_efr32xg13_gcc_release.a(timings.o)
                0x000000000000f2fc                TIMING_TxToRxSearchTimeSet
 .text.TIMING_RecalculateAll
                0x000000000000f30c        0x6 /Users/clfilho/SimplicityStudio/v4_workspaceN/soc-dtm/platform/radio/rail_lib/autogen/librail_release/librail_efr32xg13_gcc_release.a(timings.o)
                0x000000000000f30c                TIMING_RecalculateAll
 .text.TIMING_RecalculatePaRampChanged
                0x000000000000f312        0x6 /Users/clfilho/SimplicityStudio/v4_workspaceN/soc-dtm/platform/radio/rail_lib/autogen/librail_release/librail_efr32xg13_gcc_release.a(timings.o)
                0x000000000000f312                TIMING_RecalculatePaRampChanged
 .text.TIMING_RecalculateViterbiChanged
                0x000000000000f318        0x6 /Users/clfilho/SimplicityStudio/v4_workspaceN/soc-dtm/platform/radio/rail_lib/autogen/librail_release/librail_efr32xg13_gcc_release.a(timings.o)
                0x000000000000f318                TIMING_RecalculateViterbiChanged
 .text.TIMING_SetChainDelays
                0x000000000000f31e        0x8 /Users/clfilho/SimplicityStudio/v4_workspaceN/soc-dtm/platform/radio/rail_lib/autogen/librail_release/librail_efr32xg13_gcc_release.a(timings.o)
                0x000000000000f31e                TIMING_SetChainDelays
 *fill*         0x000000000000f326        0x2 
 .text.TIMING_CalcAdjustUs
                0x000000000000f328       0x40 /Users/clfilho/SimplicityStudio/v4_workspaceN/soc-dtm/platform/radio/rail_lib/autogen/librail_release/librail_efr32xg13_gcc_release.a(timings.o)
                0x000000000000f328                TIMING_CalcAdjustUs
 .text.TIMING_PacketBits
                0x000000000000f368       0x14 /Users/clfilho/SimplicityStudio/v4_workspaceN/soc-dtm/platform/radio/rail_lib/autogen/librail_release/librail_efr32xg13_gcc_release.a(timings.o)
                0x000000000000f368                TIMING_PacketBits
 .text.TIMING_PreambleSyncBits
                0x000000000000f37c       0x38 /Users/clfilho/SimplicityStudio/v4_workspaceN/soc-dtm/platform/radio/rail_lib/autogen/librail_release/librail_efr32xg13_gcc_release.a(timings.o)
                0x000000000000f37c                TIMING_PreambleSyncBits
 .text.TIMING_CalcRxTimeStampUs
                0x000000000000f3b4       0x66 /Users/clfilho/SimplicityStudio/v4_workspaceN/soc-dtm/platform/radio/rail_lib/autogen/librail_release/librail_efr32xg13_gcc_release.a(timings.o)
                0x000000000000f3b4                TIMING_CalcRxTimeStampUs
 *fill*         0x000000000000f41a        0x2 
 .text.TIMING_AdjustRxTimeStampUs
                0x000000000000f41c       0x40 /Users/clfilho/SimplicityStudio/v4_workspaceN/soc-dtm/platform/radio/rail_lib/autogen/librail_release/librail_efr32xg13_gcc_release.a(timings.o)
                0x000000000000f41c                TIMING_AdjustRxTimeStampUs
 .text.RFRAND_GetRadioEntropy
                0x000000000000f45c      0x100 /Users/clfilho/SimplicityStudio/v4_workspaceN/soc-dtm/platform/radio/rail_lib/autogen/librail_release/librail_efr32xg13_gcc_release.a(rf_rand.o)
                0x000000000000f45c                RFRAND_GetRadioEntropy
 .text.RFRAND_SeedProtimerRandom
                0x000000000000f55c       0x3c /Users/clfilho/SimplicityStudio/v4_workspaceN/soc-dtm/platform/radio/rail_lib/autogen/librail_release/librail_efr32xg13_gcc_release.a(rf_rand.o)
                0x000000000000f55c                RFRAND_SeedProtimerRandom
 .text.RAIL_GetTxPowerCurve
                0x000000000000f598       0x14 /Users/clfilho/SimplicityStudio/v4_workspaceN/soc-dtm/platform/radio/rail_lib/autogen/librail_release/librail_efr32xg13_gcc_release.a(pa_conversions_efr32.o)
                0x000000000000f598                RAIL_GetTxPowerCurve
 .text.RAIL_InitTxPowerCurves
                0x000000000000f5ac       0x2c /Users/clfilho/SimplicityStudio/v4_workspaceN/soc-dtm/platform/radio/rail_lib/autogen/librail_release/librail_efr32xg13_gcc_release.a(pa_conversions_efr32.o)
                0x000000000000f5ac                RAIL_InitTxPowerCurves
 .text.RAIL_ConvertDbmToRaw
                0x000000000000f5d8       0xd8 /Users/clfilho/SimplicityStudio/v4_workspaceN/soc-dtm/platform/radio/rail_lib/autogen/librail_release/librail_efr32xg13_gcc_release.a(pa_conversions_efr32.o)
                0x000000000000f5d8                RAIL_ConvertDbmToRaw
 .text.RAIL_ConvertRawToDbm
                0x000000000000f6b0       0xb8 /Users/clfilho/SimplicityStudio/v4_workspaceN/soc-dtm/platform/radio/rail_lib/autogen/librail_release/librail_efr32xg13_gcc_release.a(pa_conversions_efr32.o)